[1;35marchive.tar{Hello.bat}[0m[1;36m:[0m1
[1;35marchive.tar{Hello.sh}[0m[1;36m:[0m1
