[1;35marchive.txz{Hello.bat}[0m[1;36m:[0m1
[1;35marchive.txz{Hello.sh}[0m[1;36m:[0m1
