[1;35marchive.tar{Hello.bat}[0m[1;36m:[0m1
[1;35marchive.tar{Hello.class}[0m[1;36m:[0m1
[1;35marchive.tar{Hello.java}[0m[1;36m:[0m2
[1;35marchive.tar{Hello.pdf}[0m[1;36m:[0m1
[1;35marchive.tar{Hello.sh}[0m[1;36m:[0m1
[1;35marchive.tar{Hello.txt}[0m[1;36m:[0m1
[1;35marchive.tar{empty.txt}[0m[1;36m:[0m0
