[1;35marchive.tgz{Hello.bat}[0m[1;36m:[0m1
[1;35marchive.tgz{Hello.class}[0m[1;36m:[0m1
[1;35marchive.tgz{Hello.java}[0m[1;36m:[0m2
[1;35marchive.tgz{Hello.pdf}[0m[1;36m:[0m1
[1;35marchive.tgz{Hello.sh}[0m[1;36m:[0m1
[1;35marchive.tgz{Hello.txt}[0m[1;36m:[0m1
[1;35marchive.tgz{empty.txt}[0m[1;36m:[0m0
