[1;35marchive.tar.Z{Hello.bat}[0m[1;36m:[0m1
[1;35marchive.tar.Z{Hello.class}[0m[1;36m:[0m1
[1;35marchive.tar.Z{Hello.java}[0m[1;36m:[0m2
[1;35marchive.tar.Z{Hello.pdf}[0m[1;36m:[0m1
[1;35marchive.tar.Z{Hello.sh}[0m[1;36m:[0m1
[1;35marchive.tar.Z{Hello.txt}[0m[1;36m:[0m1
[1;35marchive.tar.Z{empty.txt}[0m[1;36m:[0m0
