[1;35marchive.tar.Z{Hello.bat}[m[1;36m:[m1
[1;35marchive.tar.Z{Hello.sh}[m[1;36m:[m1
