[1;35mdir1/Hello.java[0m
[1;35mdir1/Hello.sh[0m
