[1;35mHello.class[m[1;36m:[m
[1;32m00000000[m [m ca fe ba be 00 00 00 34  00 1d 0a[m[1;34m -- -- -- -- -- [m[1;36m |[m[7m.[7m.[7m.[7m.[7m@[7m@[7m@[m4[7m@[7m][7mJ[m[1;34m-----[m[1;36m|[m
[1;35mHello.class[m[1;36m:[m
[1;32m00000000[m [m[1;34m -- -- -- -- -- -- -- --  -- -- --[m 00 06 00 0f 09 [m[1;36m |[m[1;34m-----------[m[7m@[7mF[7m@[7mO[7mI[m[1;36m|[m
[1;32m00000010[m [m 00 10 00 11 08 00 12 0a [m[1;34m -- -- -- -- -- -- -- -- [m[1;36m |[m[7m@[7mP[7m@[7mQ[7mH[7m@[7mR[7mJ[m[1;34m--------[m[1;36m|[m
[1;35mHello.class[m[1;36m:[m
[1;32m00000010[m [m[1;34m -- -- -- -- -- -- -- -- [m 00 13 00 14 07 00 15 07 [m[1;36m |[m[1;34m--------[m[7m@[7mS[7m@[7mT[7mG[7m@[7mU[7mG[m[1;36m|[m
[1;32m00000020[m [m 00 16 01 00 06 3c 69 6e  69 74 3e 01 00 03 28 29 [m[1;36m |[m[7m@[7mV[7mA[7m@[7mF[m<init>[7mA[7m@[7mC[m()[m[1;36m|[m
[1;32m00000030[m [m 56 01 00 04 43 6f 64 65  01 00 0f 4c 69 6e 65 4e [m[1;36m |[mV[7mA[7m@[7mD[mCode[7mA[7m@[7mO[mLineN[m[1;36m|[m
[1;32m00000040[m [m 75 6d 62 65 72 54 61 62  6c 65 01 00 04 6d 61 69 [m[1;36m |[mumberTable[7mA[7m@[7mD[mmai[m[1;36m|[m
[1;32m00000050[m [m 6e 01 00 16 28 5b 4c 6a  61 76 61 2f 6c 61 6e 67 [m[1;36m |[mn[7mA[7m@[7mV[m([Ljava/lang[m[1;36m|[m
[1;32m00000060[m [m 2f 53 74 72 69 6e 67 3b  29 56 01 00 0a[m[1;34m -- -- -- [m[1;36m |[m/String;)V[7mA[7m@[7mJ[m[1;34m---[m[1;36m|[m
[1;35mHello.class[m[1;36m:[m
[1;32m00000060[m [m[1;34m -- -- -- -- -- -- -- --  -- -- -- -- --[m 53 6f 75 [m[1;36m |[m[1;34m-------------[mSou[m[1;36m|[m
[1;32m00000070[m [m 72 63 65 46 69 6c 65 01  00 0a[m[1;34m -- -- -- -- -- -- [m[1;36m |[mrceFile[7mA[7m@[7mJ[m[1;34m------[m[1;36m|[m
[1;35mHello.class[m[1;36m:[m
[1;32m00000150[m [m[1;34m -- -- -- -- -- -- -- --  --[m 00 00 00 06 00 01 00 [m[1;36m |[m[1;34m---------[m[7m@[7m@[7m@[7mF[7m@[7mA[7m@[m[1;36m|[m
[1;32m00000160[m [m 00 00 03 00 09 00 0b 00  0c 00 01 00 09 00 00 00 [m[1;36m |[m[7m@[7m@[7mC[7m@[7mI[7m@[7mK[7m@[7mL[7m@[7mA[7m@[7mI[7m@[7m@[7m@[m[1;36m|[m
[1;32m00000170[m [m 25 00 02 00 01 00 00 00  09 b2 00 02 12 03 b6 00 [m[1;36m |[m%[7m@[7mB[7m@[7mA[7m@[7m@[7m@[7mI[7m.[7m@[7mB[7mR[7mC[7m.[7m@[m[1;36m|[m
[1;32m00000180[m [m 04 b1 00 00 00 01 00 0a [m[1;34m -- -- -- -- -- -- -- -- [m[1;36m |[m[7mD[7m.[7m@[7m@[7m@[7mA[7m@[7mJ[m[1;34m--------[m[1;36m|[m
[1;35mHello.class[m[1;36m:[m
[1;32m00000180[m [m[1;34m -- -- -- -- -- -- -- -- [m 00 00 00 0a[m[1;34m -- -- -- -- [m[1;36m |[m[1;34m--------[m[7m@[7m@[7m@[7mJ[m[1;34m----[m[1;36m|[m
[1;35mHello.class[m[1;36m:[m
[1;32m00000180[m [m[1;34m -- -- -- -- -- -- -- --  -- -- -- --[m 00 02 00 00 [m[1;36m |[m[1;34m------------[m[7m@[7mB[7m@[7m@[m[1;36m|[m
[1;32m00000190[m [m 00 05 00 08 00 06 00 01  00 0d 00 00 00 02 00 0e [m[1;36m |[m[7m@[7mE[7m@[7mH[7m@[7mF[7m@[7mA[7m@[7mM[7m@[7m@[7m@[7mB[7m@[7mN[m[1;36m|[m
[1;35mHello.java[m[1;36m:[m
[1;35mHello.java[m[1;36m:[m  }[m
[1;35mHello.java[m[1;36m:[m}[m
[1;35mHello.pdf[m[1;36m:[m
[1;32m00000080[m [m[1;34m -- -- -- -- -- -- -- --  -- --[m 9f 89 07 6f 86 6b [m[1;36m |[m[1;34m----------[m[7m.[7m.[7mG[mo[7m.[mk[m[1;36m|[m
[1;32m00000090[m [m f7 b4 8e d0 9b e1 e2 6a  a9 52 6a b2 40 38 fe ad [m[1;36m |[m[7m.[7m.[7m.[7m.[7m.[7m.[7m.[mj[7m.[mRj[7m.[m@8[7m.[7m.[m[1;36m|[m
[1;32m000000a0[m [m ed 94 20 bb b6 70 51 a3  44 c4 a3 0d ef 7f a0 69 [m[1;36m |[m[7m.[7m.[m [7m.[7m.[mpQ[7m.[mD[7m.[7m.[7mM[7m.[7m~[7m.[mi[m[1;36m|[m
[1;32m000000b0[m [m c2 0b ba 30 a8 7a ac 7c  b2 bf 4f f3 bc 1e d0 17 [m[1;36m |[m[7m.[7mK[7m.[m0[7m.[mz[7m.[m|[7m.[7m.[mO[7m.[7m.[7m^[7m.[7mW[m[1;36m|[m
[1;32m000000c0[m [m 37 b5 37 e3 17 4e ff 20  a5 0a[m[1;34m -- -- -- -- -- -- [m[1;36m |[m7[7m.[m7[7m.[7mW[mN[7m.[m [7m.[7mJ[m[1;34m------[m[1;36m|[m
[1;35mHello.pdf[m[1;36m:[m>>[m
[1;35mHello.pdf[m[1;36m:[m>> >>[m
[1;35mHello.pdf[m[1;36m:[m
[1;32m000004c0[m [m[1;34m -- -- -- -- -- -- --[m be  f7 e4 d5 a4 0d f9 67 79 [m[1;36m |[m[1;34m-------[m[7m.[7m.[7m.[7m.[7m.[7mM[7m.[mgy[m[1;36m|[m
[1;32m000004d0[m [m 15 ef bd b6 5c 3d ca 0b  ff 93 b9 cd 21 46 3b 92 [m[1;36m |[m[7mU[7m.[7m.[7m.[m\=[7m.[7mK[7m.[7m.[7m.[7m.[m!F;[7m.[m[1;36m|[m
[1;32m000004e0[m [m cd 41 ce 3c 9b 51 b4 71  c6 1b c0 21 b8 a9 45 73 [m[1;36m |[m[7m.[mA[7m.[m<[7m.[mQ[7m.[mq[7m.[7m[[7m.[m![7m.[7m.[mEs[m[1;36m|[m
[1;32m000004f0[m [m f6 b7 59 4c b2 e9 b6 62  b4 60 c9 42 94 9d ab b8 [m[1;36m |[m[7m.[7m.[mYL[7m.[7m.[7m.[mb[7m.[m`[7m.[mB[7m.[7m.[7m.[7m.[m[1;36m|[m
[1;32m00000500[m [m ff cb 09 f3 c3 3c b7 b1  52 73 2e ee f0 bc b7 3f [m[1;36m |[m[7m.[7m.[7mI[7m.[7m.[m<[7m.[7m.[mRs.[7m.[7m.[7m.[7m.[m?[m[1;36m|[m
[1;32m00000510[m [m 63 36 cd f7 8a 0f 8b 74  be 4f bb ac ad 6b 9f 68 [m[1;36m |[mc6[7m.[7m.[7m.[7mO[7m.[mt[7m.[mO[7m.[7m.[7m.[mk[7m.[mh[m[1;36m|[m
[1;32m00000520[m [m 3f 6a 7f 68 2b da c7 40  bf 4b 1f 4a 5f 4a df 4a [m[1;36m |[m?j[7m~[mh+[7m.[7m.[m@[7m.[mK[7m_[mJ_J[7m.[mJ[m[1;36m|[m
[1;32m00000530[m [m 57 a4 ab d2 0d 52 a5 6b  d2 b2 f4 9d f4 bd f4 b9 [m[1;36m |[mW[7m.[7m.[7m.[7mM[mR[7m.[mk[7m.[7m.[7m.[7m.[7m.[7m.[7m.[7m.[m[1;36m|[m
[1;32m00000540[m [m f4 35 7a 5f 40 ba 2c 5d  e9 d8 49 71 ec 1b bb 07 [m[1;36m |[m[7m.[m5z_@[7m.[m,][7m.[7m.[mIq[7m.[7m[[7m.[7mG[m[1;36m|[m
[1;32m00000550[m [m 7e c6 7b d6 68 ed 30 66  86 b3 14 10 f3 c2 da cc [m[1;36m |[m~[7m.[m{[7m.[mh[7m.[m0f[7m.[7m.[7mT[7mP[7m.[7m.[7m.[7m.[m[1;36m|[m
[1;32m00000560[m [m 0a[m[1;34m -- -- -- -- -- -- --  -- -- -- -- -- -- -- -- [m[1;36m |[m[7mJ[m[1;34m---------------[m[1;36m|[m
[1;35mHello.pdf[m[1;36m:[m
[1;32m00000560[m [m[1;34m --[m 4b 1f f1 77 06 63 9b  f9 33 a1 d5 5e 03 9d bb [m[1;36m |[m[1;34m-[mK[7m_[7m.[mw[7mF[mc[7m.[7m.[m3[7m.[7m.[m^[7mC[7m.[7m.[m[1;36m|[m
[1;32m00000570[m [m 7f 63 2d e5 88 b2 53 79  46 19 56 76 2b cf 29 13 [m[1;36m |[m[7m~[mc-[7m.[7m.[7m.[mSyF[7mY[mVv+[7m.[m)[7mS[m[1;36m|[m
[1;32m00000580[m [m 4a af 72 40 39 ac 6c 57  06 d0 fa 95 51 65 2f 46 [m[1;36m |[mJ[7m.[mr@9[7m.[mlW[7mF[7m.[7m.[7m.[mQe/F[m[1;36m|[m
[1;32m00000590[m [m 76 6e b0 64 63 3d ce 80  85 7f 92 67 8b a6 23 ae [m[1;36m |[mvn[7m.[mdc=[7m.[7m.[7m.[7m~[7m.[mg[7m.[7m.[m#[7m.[m[1;36m|[m
[1;32m000005a0[m [m e2 3c b1 57 75 b0 e7 c3  4b 1d ef a6 5f 5c c3 d6 [m[1;36m |[m[7m.[m<[7m.[mWu[7m.[7m.[7m.[mK[7m][7m.[7m.[m_\[7m.[7m.[m[1;36m|[m
[1;32m000005b0[m [m 86 35 d8 49 3d 0e 9e d9  da a6 0e af 11 57 bf 15 [m[1;36m |[m[7m.[m5[7m.[mI=[7mN[7m.[7m.[7m.[7m.[7mN[7m.[7mQ[mW[7m.[7mU[m[1;36m|[m
[1;32m000005c0[m [m 55 63 bc 3b 5d 9c 06 3a  4d 21 62 8b ce 22 72 1f [m[1;36m |[mUc[7m.[m;][7m.[7mF[m:M!b[7m.[7m.[m"r[7m_[m[1;36m|[m
[1;32m000005d0[m [m 3a 9c 1f 27 aa fe ce d9  5c 93 38 35 52 6f e2 94 [m[1;36m |[m:[7m.[7m_[m'[7m.[7m.[7m.[7m.[m\[7m.[m85Ro[7m.[7m.[m[1;36m|[m
[1;32m000005e0[m [m b0 c4 2e d1 2f c6 5a 35  98 13 07 50 85 e3 6d f5 [m[1;36m |[m[7m.[7m.[m.[7m.[m/[7m.[mZ5[7m.[7mS[7mG[mP[7m.[7m.[mm[7m.[m[1;36m|[m
[1;32m000005f0[m [m 38 c8 55 9a 19 c9 0c 67  72 a4 66 7a 33 43 99 fe [m[1;36m |[m8[7m.[mU[7m.[7mY[7m.[7mL[mgr[7m.[mfz3C[7m.[7m.[m[1;36m|[m
[1;32m00000600[m [m cc 31 c6 51 ac d1 f9 92  d9 8b d1 21 7c 47 12 de [m[1;36m |[m[7m.[m1[7m.[mQ[7m.[7m.[7m.[7m.[7m.[7m.[7m.[m!|G[7mR[7m.[m[1;36m|[m
[1;32m00000610[m [m 33 cb 31 ff 9b 35 c4 67  18 ef 1d e6 a8 09 6c a3 [m[1;36m |[m3[7m.[m1[7m.[7m.[m5[7m.[mg[7mX[7m.[7m][7m.[7m.[7mI[ml[7m.[m[1;36m|[m
[1;32m00000620[m [m 87 5b 2b 34 e7 71 df 11  e5 5d 6f c1 b7 66 ea a1 [m[1;36m |[m[7m.[m[+4[7m.[mq[7m.[7mQ[7m.[m]o[7m.[7m.[mf[7m.[7m.[m[1;36m|[m
[1;32m00000630[m [m 3a a0 69 2f a9 39 5c af  a6 3a e6 18 d9 3e 55 b7 [m[1;36m |[m:[7m.[mi/[7m.[m9\[7m.[7m.[m:[7m.[7mX[7m.[m>U[7m.[m[1;36m|[m
[1;32m00000640[m [m 6d 35 1a 0a[m[1;34m -- -- -- --  -- -- -- -- -- -- -- -- [m[1;36m |[mm5[7mZ[7mJ[m[1;34m------------[m[1;36m|[m
[1;35mHello.pdf[m[1;36m:[m>>[m
[1;35mHello.pdf[m[1;36m:[m
[1;32m00000be0[m [m[1;34m -- -- -- -- --[m ef 54 60  9f c2 db 0a[m[1;34m -- -- -- -- [m[1;36m |[m[1;34m-----[m[7m.[mT`[7m.[7m.[7m.[7mJ[m[1;34m----[m[1;36m|[m
[1;35mHello.pdf[m[1;36m:[m
[1;32m00000c40[m [m[1;34m -- -- -- -- -- -- --[m bf  4b c2 36 85 17 9e b7 c9 [m[1;36m |[m[1;34m-------[m[7m.[mK[7m.[m6[7m.[7mW[7m.[7m.[7m.[m[1;36m|[m
[1;32m00000c50[m [m 17 72 f1 bc 0d cf 6d 75  ca e7 ba 61 ab 13 cf 6e [m[1;36m |[m[7mW[mr[7m.[7m.[7mM[7m.[mmu[7m.[7m.[7m.[ma[7m.[7mS[7m.[mn[m[1;36m|[m
[1;32m00000c60[m [m f1 cb 67 2b b0 c5 8f df  2a 3c a3 f0 b4 c2 53 4f [m[1;36m |[m[7m.[7m.[mg+[7m.[7m.[7m.[7m.[m*<[7m.[7m.[7m.[7m.[mSO[m[1;36m|[m
[1;32m00000c70[m [m a6 cb a7 0a[m[1;34m -- -- -- --  -- -- -- -- -- -- -- -- [m[1;36m |[m[7m.[7m.[7m.[7mJ[m[1;34m------------[m[1;36m|[m
[1;35mHello.pdf[m[1;36m:[m
[1;32m00000cf0[m [m[1;34m -- -- -- -- -- -- -- --  -- -- -- -- --[m 54 74 c4 [m[1;36m |[m[1;34m-------------[mTt[7m.[m[1;36m|[m
[1;32m00000d00[m [m fd 0a[m[1;34m -- -- -- -- -- --  -- -- -- -- -- -- -- -- [m[1;36m |[m[7m.[7mJ[m[1;34m--------------[m[1;36m|[m
[1;35mHello.pdf[m[1;36m:[m
[1;32m00000d00[m [m[1;34m -- --[m e5 36 fc 42 61 89  c2 3d 0a[m[1;34m -- -- -- -- -- [m[1;36m |[m[1;34m--[m[7m.[m6[7m.[mBa[7m.[7m.[m=[7mJ[m[1;34m-----[m[1;36m|[m
[1;35mHello.pdf[m[1;36m:[m
[1;32m00000e60[m [m[1;34m -- -- --[m dd 14 ba 2a 74  b1 c3 97 3a 4c fa 0a[m[1;34m -- [m[1;36m |[m[1;34m---[m[7m.[7mT[7m.[m*t[7m.[7m.[7m.[m:L[7m.[7mJ[m[1;34m-[m[1;36m|[m
[1;35mHello.pdf[m[1;36m:[m
[1;32m00000ef0[m [m[1;34m -- -- -- -- -- -- -- --  --[m d2 05 70 72 68 85 c6 [m[1;36m |[m[1;34m---------[m[7m.[7mE[mprh[7m.[7m.[m[1;36m|[m
[1;32m00000f00[m [m 80 36 08 82 03 10 7e 90  03 22 22 0a[m[1;34m -- -- -- -- [m[1;36m |[m[7m.[m6[7mH[7m.[7mC[7mP[m~[7m.[7mC[m""[7mJ[m[1;34m----[m[1;36m|[m
[1;35mHello.pdf[m[1;36m:[m(Hello)[m
[1;35mHello.pdf[m[1;36m:[m(TextEdit)[m
[1;35mHello.pdf[m[1;36m:[m(D:20200124010711Z00'00')[m
[1;35mHello.pdf[m[1;36m:[m()[m
[1;35mHello.pdf[m[1;36m:[m[ ][m
[1;35mHello.pdf[m[1;36m:[m<8db88d3335070bd9583341583cf769a3> ] >>[m
[1;35mHello.pdf[m[1;36m:[m%%EOF[m
[1;35mHello.txt[m[1;36m:[mHello[m
