"Hello.bat","sh\necho"
"Hello.bat","Hello World!"""
"Hello.class","java\f\x00\x07\x00\b\x07\x00\x17"
"Hello.java","import java.lang.*;"
"Hello.java","public class"
"Hello.java","greeting\n{"
"Hello.java","public static"
"Hello.java","Hello World!"");"
"Hello.pdf","3\n%ƒÂÚÂÎßÛ†–ƒ∆"
"Hello.pdf","4 0"
"Hello.pdf","obj\n<<"
"Hello.pdf","Length 5"
"Hello.pdf","stream\nx\x01Eéª"
"Hello.pdf","9\f≥1≤Q\x02πFó‚©\x12Ûôê\\LY"
"Hello.pdf","endstream\nendobj"
"Hello.pdf","5 0"
"Hello.pdf","obj\n123"
"Hello.pdf","endobj\n2"
"Hello.pdf","0 obj"
"Hello.pdf","Type /Page"
"Hello.pdf","endobj\n6"
"Hello.pdf","0 obj"
"Hello.pdf","ProcSet ["
"Hello.pdf","endobj\n9"
"Hello.pdf","0 obj"
"Hello.pdf","Length 10"
"Hello.pdf","stream\nx\x01ÖU]h\x1cU\x14>ªsg\x03\x12\x07\x1f¥"
"Hello.pdf","m	È2âV\x13ãµ€M∫I\x13∑ÎfSõ* tv6;Õdfúô›&°O•‡õ\x16\x04È´†>∆Ç\b∂*6/ˆ••≈íJ5\x0f"
"Hello.pdf","7 ãö\x11Ú»«X"
"Hello.pdf","bP\fë*^\x15á≈!1"
"Hello.pdf","4\nendstream"
"Hello.pdf","endobj\n10"
"Hello.pdf","0 obj"
"Hello.pdf","1116\nendobj"
"Hello.pdf","7 0"
"Hello.pdf","obj\n["
"Hello.pdf","ICCBased 9"
"Hello.pdf","endobj\n3"
"Hello.pdf","0 obj"
"Hello.pdf","Type /Pages"
"Hello.pdf","endobj\n11"
"Hello.pdf","0 obj"
"Hello.pdf","Type /Catalog"
"Hello.pdf","endobj\n8"
"Hello.pdf","0 obj"
"Hello.pdf","Type /Font"
"Hello.pdf","FontDescriptor\n12"
"Hello.pdf","0 R"
"Hello.pdf","602\n0"
"Hello.pdf","0 0"
"Hello.pdf","602\n0"
"Hello.pdf","0 602"
"Hello.pdf","endobj\n12"
"Hello.pdf","0 obj"
"Hello.pdf","Type /FontDescriptor"
"Hello.pdf","FontBBox\n[-558"
"Hello.pdf","375 718"
"Hello.pdf","StemV 99"
"Hello.pdf","endobj\n13"
"Hello.pdf","0 obj"
"Hello.pdf","Length 14"
"Hello.pdf","stream\nx\x01›W{xT≈\x15?sw6ØÕ>íMHHÄ]÷Âï,ÅÑ∑R\x16Hxà"
"Hello.pdf","H (!\bA¥1êJQ"
"Hello.pdf","j	L+I\x17.RÃ'õ4â\x03Çpöº√§v⁄ƒàÕ‰\x13∑=R\x0eıâD™`ÃJ>¶"
"Hello.pdf","a\n>®¿ëAhb°i\x10\x0e+\x1cz?^\x1eRx?\x1e\x07\x15ﬁS8PÂî\x072Ò◊TÏWx∑\x16ç´|≤Q·/"
"Hello.pdf","5\rª\x02zù\x0f;\x15^ØE§f®|M·U\x1e^m≈+lká¬\x1f"
"Hello.pdf","W\nÀ\x15\x1ep\x0eì\x0fL¬/\x15*Ô≈≤•\x15rô¬“"
"Hello.pdf","y\nwÂ‚NÖππ(n≈ú:ÃV(R(Tò5≥£ú•0ì\x1crfGÃPòÆpá¬ÌS\x12‰Ì6L+ƒm˚0ïÖ©.LI\x00?—A\x17nU¯π¬-\x19ÈÚñ\\LVò§0QaB\x05∆+‹Ï¬8Ö±¬/«*‹Tá1›p„Ë4ycå\x1eû$GßaTAö\x1c•0í•ëÖ\x18¡“à:\x14§!üÅ¸˛\x18>Ã)á'axD"
"Hello.pdf","g\nÉ9Ñ¡≠∏A·˙n\x18§0ê"
"Hello.pdf","c\x0bÌF"
"Hello.pdf","u F¡¬¶-"
"Hello.pdf","fsu\rN”bÏ¢CÙ\x0e\x1dcÓ¥\x18\b^+\x0eëGú`?+°°û•=LÀQè†Ë$Jhãxâ-ñSDî“2çGm""[ﬁØ\x1fdt?=ƒ◊£¥ÖJô72XŒÒL;h\x15]†"
"Hello.pdf","o\x0bCAÁn·\x1eü≥ì£ä•Ñ¨^ΩìÛÿuû”À‘ª≤QÎﬁÿxıÉFŸtı-ÌÜ÷,Ìõ´NˆØQ˘µœ¯≠QN)îIyF\x04;\x19t∞Å\biÏ!ì=eÊ;œBâ"
"Hello.pdf","endstream\nendobj"
"Hello.pdf","14 0"
"Hello.pdf","obj\n2734"
"Hello.pdf","endobj\n15"
"Hello.pdf","0 obj"
"Hello.pdf","endobj\n16"
"Hello.pdf","0 obj"
"Hello.pdf","Mac OS"
"Hello.pdf","endobj\n17"
"Hello.pdf","0 obj"
"Hello.pdf","endobj\n18"
"Hello.pdf","0 obj"
"Hello.pdf","endobj\n19"
"Hello.pdf","0 obj"
"Hello.pdf","endobj\n20"
"Hello.pdf","0 obj"
"Hello.pdf","endobj\n1"
"Hello.pdf","0 obj"
"Hello.pdf","Title 15"
"Hello.pdf","ModDate\n18"
"Hello.pdf","0 R"
"Hello.pdf","endobj\nxref"
"Hello.pdf","0 21"
"Hello.pdf","0000000000 65535"
"Hello.pdf","f \n0000005392"
"Hello.pdf","00000 n"
"Hello.pdf","0000000238 00000"
"Hello.pdf","n \n0000001714"
"Hello.pdf","00000 n"
"Hello.pdf","0000000022 00000"
"Hello.pdf","n \n0000000219"
"Hello.pdf","00000 n"
"Hello.pdf","0000000342 00000"
"Hello.pdf","n \n0000001679"
"Hello.pdf","00000 n"
"Hello.pdf","0000001847 00000"
"Hello.pdf","n \n0000000439"
"Hello.pdf","00000 n"
"Hello.pdf","0000001658 00000"
"Hello.pdf","n \n0000001797"
"Hello.pdf","00000 n"
"Hello.pdf","0000002110 00000"
"Hello.pdf","n \n0000002362"
"Hello.pdf","00000 n"
"Hello.pdf","0000005186 00000"
"Hello.pdf","n \n0000005207"
"Hello.pdf","00000 n"
"Hello.pdf","0000005231 00000"
"Hello.pdf","n \n0000005284"
"Hello.pdf","00000 n"
"Hello.pdf","0000005311 00000"
"Hello.pdf","n \n0000005353"
"Hello.pdf","00000 n"
"Hello.pdf","0000005372 00000"
"Hello.pdf","n \ntrailer"
"Hello.pdf","Size 21"
"Hello.pdf","startxref\n5536"
"Hello.sh","sh\necho"
"Hello.sh","Hello World!"""
