<grep>
  <file name="Hello.txt">
    <match>false</match>
  </file>
</grep>
