"Hello.bat",2
"Hello.class",8
"Hello.java",7
"Hello.pdf",134
"Hello.sh",2
"Hello.txt",1
