[1;35mHello.bat[0m[1;36m:[0m[32;1m     1[0m[1;36m:[0m[1;32m  8[0m[1;36m:[0m[1;32m      7[0m[1;36m:[0m	[1;4;32msh
[0m[1;35mHello.bat[0m[1;36m|[0m[32;1m     2[0m[1;36m|[0m[1;32m  1[0m[1;36m|[0m[1;32m     10[0m[1;36m|[0m	[1;4;32mecho[0m
[1;4;32mHello World!"[0m
[0mBinary file[1m Hello.class[0m matches
[1;35mHello.java[0m[1;36m:[0m[32;1m     1[0m[1;36m:[0m[1;32m  1[0m[1;36m:[0m[1;32m      0[0m[1;36m:[0m	[1;4;32mimport java.lang.*;[0m
[1;35mHello.java[0m[1;36m:[0m[32;1m     3[0m[1;36m:[0m[1;32m  1[0m[1;36m:[0m[1;32m     21[0m[1;36m:[0m	[1;4;32mpublic class[0m
[1;4;32mHello //[0m
[1;4;32mprints a[0m
[1;4;32mHello World![0m
[1;4;32mgreeting
[0m[1;35mHello.java[0m[1;36m|[0m[32;1m     4[0m[1;36m|[0m[1;32m  1[0m[1;36m|[0m[1;32m     74[0m[1;36m|[0m	[1;4;32m{[0m
[1;4;32mpublic static[0m
[1;4;32mvoid main(String[][0m
[1;35mHello.java[0m[1;36m:[0m[32;1m     5[0m[1;36m:[0m[1;32m 25[0m[1;36m:[0m[1;32m    138[0m[1;36m:[0m	[1;4;32mHello World!");[0m
[0mBinary file[1m Hello.pdf[0m matches
[1;35mHello.sh[0m[1;36m:[0m[32;1m     1[0m[1;36m:[0m[1;32m  8[0m[1;36m:[0m[1;32m      7[0m[1;36m:[0m	[1;4;32msh
[0m[1;35mHello.sh[0m[1;36m|[0m[32;1m     2[0m[1;36m|[0m[1;32m  1[0m[1;36m|[0m[1;32m     10[0m[1;36m|[0m	[1;4;32mecho[0m
[1;4;32mHello World!"[0m
