[
  {
    "file": "Hello.bat",
    "matches": [,
      { "match": 2 }
    ]
  },
  {
    "file": "Hello.class",
    "matches": [,
      { "match": 8 }
    ]
  },
  {
    "file": "Hello.java",
    "matches": [,
      { "match": 6 }
    ]
  },
  {
    "file": "Hello.pdf",
    "matches": [,
      { "match": 134 }
    ]
  },
  {
    "file": "Hello.sh",
    "matches": [,
      { "match": 2 }
    ]
  },
  {
    "file": "Hello.txt",
    "matches": [
      { "match": 1 }
    ]
  }
]
