[1;35mHello.bat[0m[1;36m:[0mecho "[0m[1;4;32mHello[0m World!"[0m
