[mBinary file[1;35m Hello.class[m matches
[mBinary file[1;35m Hello.pdf[m matches
