[1;35mHello.bat[0m[1;36m:[0m[32;1m     2[0m[1;36m:[0m[1;32m  7[0m[1;36m:[0m[1;32m     16[0m[1;36m:[0m	[1;4;32mHello[0m
[1;35mHello.class[0m[1;36m:[0m[32;1m     5[0m[1;36m:[0m[1;32m  1[0m[1;36m:[0m[1;32m    122[0m[1;36m:[0m	[1;4;32mHello[0m
[1;35mHello.class[0m[1;36m+[0m[32;1m     5[0m[1;36m+[0m[1;32m 27[0m[1;36m+[0m[1;32m    148[0m[1;36m+[0m	[1;4;32mHello[0m
[1;35mHello.class[0m[1;36m+[0m[32;1m     5[0m[1;36m+[0m[1;32m 50[0m[1;36m+[0m[1;32m    171[0m[1;36m+[0m	[1;4;32mHello[0m
[1;35mHello.java[0m[1;36m:[0m[32;1m     3[0m[1;36m:[0m[1;32m 14[0m[1;36m:[0m[1;32m     34[0m[1;36m:[0m	[1;4;32mHello[0m
[1;35mHello.java[0m[1;36m+[0m[32;1m     3[0m[1;36m+[0m[1;32m 32[0m[1;36m+[0m[1;32m     52[0m[1;36m+[0m	[1;4;32mHello[0m
[1;35mHello.java[0m[1;36m:[0m[32;1m     5[0m[1;36m:[0m[1;32m 25[0m[1;36m:[0m[1;32m    138[0m[1;36m:[0m	[1;4;32mHello[0m
[1;35mHello.pdf[0m[1;36m:[0m[32;1m    85[0m[1;36m:[0m[1;32m  2[0m[1;36m:[0m[1;32m   5217[0m[1;36m:[0m	[1;4;32mHello[0m
[1;35mHello.sh[0m[1;36m:[0m[32;1m     2[0m[1;36m:[0m[1;32m  7[0m[1;36m:[0m[1;32m     16[0m[1;36m:[0m	[1;4;32mHello[0m
[1;35mHello.txt[0m[1;36m:[0m[32;1m     1[0m[1;36m:[0m[1;32m  1[0m[1;36m:[0m[1;32m      0[0m[1;36m:[0m	[1;4;32mHello[0m
