[1;35mHello.bat[0m[1;36m:[0m[32;1m     1[0m[1;36m:[0m[1;32m  1[0m[1;36m:[0m[1;32m      0[0m[1;36m:[0m	[0m#!/bin/sh[0m[0m
[1;35mHello.bat[0m[1;36m:[0m[32;1m     2[0m[1;36m:[0m[1;32m  1[0m[1;36m:[0m[1;32m     10[0m[1;36m:[0m	[0mecho "Hello World!"[0m[0m
[0mBinary file[1m Hello.class[0m matches
[1;35mHello.java[0m[1;36m:[0m[32;1m     1[0m[1;36m:[0m[1;32m  1[0m[1;36m:[0m[1;32m      0[0m[1;36m:[0m	[0mimport java.lang.*;[0m[0m
[1;35mHello.java[0m[1;36m:[0m[32;1m     2[0m[1;36m:[0m[1;32m  1[0m[1;36m:[0m[1;32m     20[0m[1;36m:[0m	[0m[0m[0m
[1;35mHello.java[0m[1;36m:[0m[32;1m     3[0m[1;36m:[0m[1;32m  1[0m[1;36m:[0m[1;32m     21[0m[1;36m:[0m	[0mpublic class Hello // prints a Hello World! greeting[0m[0m
[1;35mHello.java[0m[1;36m:[0m[32;1m     4[0m[1;36m:[0m[1;32m  1[0m[1;36m:[0m[1;32m     74[0m[1;36m:[0m	[0m{ public static void main(String[] arg)[0m[0m
[1;35mHello.java[0m[1;36m:[0m[32;1m     5[0m[1;36m:[0m[1;32m  1[0m[1;36m:[0m[1;32m    114[0m[1;36m:[0m	[0m  { System.out.println("Hello World!");[0m[0m
[1;35mHello.java[0m[1;36m:[0m[32;1m     6[0m[1;36m:[0m[1;32m  1[0m[1;36m:[0m[1;32m    154[0m[1;36m:[0m	[0m  }[0m[0m
[1;35mHello.java[0m[1;36m:[0m[32;1m     7[0m[1;36m:[0m[1;32m  1[0m[1;36m:[0m[1;32m    158[0m[1;36m:[0m	[0m}[0m[0m
[1;35mHello.pdf[0m[1;36m:[0m[32;1m     1[0m[1;36m:[0m[1;32m  1[0m[1;36m:[0m[1;32m      0[0m[1;36m:[0m	[0m%PDF-1.3[0m[0m
[0mBinary file[1m Hello.pdf[0m matches
[1;35mHello.sh[0m[1;36m:[0m[32;1m     1[0m[1;36m:[0m[1;32m  1[0m[1;36m:[0m[1;32m      0[0m[1;36m:[0m	[0m#!/bin/sh[0m[0m
[1;35mHello.sh[0m[1;36m:[0m[32;1m     2[0m[1;36m:[0m[1;32m  1[0m[1;36m:[0m[1;32m     10[0m[1;36m:[0m	[0mecho "Hello World!"[0m[0m
[1;35mHello.txt[0m[1;36m:[0m[32;1m     1[0m[1;36m:[0m[1;32m  1[0m[1;36m:[0m[1;32m      0[0m[1;36m:[0m	[0mHello[0m
