"Hello.bat",1,"sh\necho"
"Hello.bat",2,"Hello World!"""
"Hello.class",5,"java\f\x00\x07\x00\b\x07\x00\x17"
"Hello.java",1,"import java.lang.*;"
"Hello.java",3,"public class"
"Hello.java",3,"greeting\n{"
"Hello.java",4,"public static"
"Hello.java",5,"Hello World!"");"
"Hello.pdf",1,"3\n%ƒÂÚÂÎßÛ†–ƒ∆"
"Hello.pdf",3,"4 0"
"Hello.pdf",3,"obj\n<<"
"Hello.pdf",4,"Length 5"
"Hello.pdf",5,"stream\nx\x01Eéª"
"Hello.pdf",7,"9\f≥1≤Q\x02πFó‚©\x12Ûôê\\LY"
"Hello.pdf",9,"endstream\nendobj"
"Hello.pdf",11,"5 0"
"Hello.pdf",11,"obj\n123"
"Hello.pdf",13,"endobj\n2"
"Hello.pdf",14,"0 obj"
"Hello.pdf",15,"Type /Page"
"Hello.pdf",17,"endobj\n6"
"Hello.pdf",18,"0 obj"
"Hello.pdf",19,"ProcSet ["
"Hello.pdf",21,"endobj\n9"
"Hello.pdf",22,"0 obj"
"Hello.pdf",23,"Length 10"
"Hello.pdf",24,"stream\nx\x01ÖU]h\x1cU\x14>ªsg\x03\x12\x07\x1f¥"
"Hello.pdf",25,"m	È2âV\x13ãµ€M∫I\x13∑ÎfSõ* tv6;Õdfúô›&°O•‡õ\x16\x04È´†>∆Ç\b∂*6/ˆ••≈íJ5\x0f"
"Hello.pdf",26,"7 ãö\x11Ú»«X"
"Hello.pdf",27,"bP\fë*^\x15á≈!1"
"Hello.pdf",30,"4\nendstream"
"Hello.pdf",32,"endobj\n10"
"Hello.pdf",33,"0 obj"
"Hello.pdf",34,"1116\nendobj"
"Hello.pdf",36,"7 0"
"Hello.pdf",36,"obj\n["
"Hello.pdf",37,"ICCBased 9"
"Hello.pdf",38,"endobj\n3"
"Hello.pdf",39,"0 obj"
"Hello.pdf",40,"Type /Pages"
"Hello.pdf",41,"endobj\n11"
"Hello.pdf",42,"0 obj"
"Hello.pdf",43,"Type /Catalog"
"Hello.pdf",44,"endobj\n8"
"Hello.pdf",45,"0 obj"
"Hello.pdf",46,"Type /Font"
"Hello.pdf",46,"FontDescriptor\n12"
"Hello.pdf",47,"0 R"
"Hello.pdf",47,"602\n0"
"Hello.pdf",48,"0 0"
"Hello.pdf",48,"602\n0"
"Hello.pdf",49,"0 602"
"Hello.pdf",50,"endobj\n12"
"Hello.pdf",51,"0 obj"
"Hello.pdf",52,"Type /FontDescriptor"
"Hello.pdf",52,"FontBBox\n[-558"
"Hello.pdf",53,"375 718"
"Hello.pdf",54,"StemV 99"
"Hello.pdf",56,"endobj\n13"
"Hello.pdf",57,"0 obj"
"Hello.pdf",58,"Length 14"
"Hello.pdf",59,"stream\nx\x01›W{xT≈\x15?sw6ØÕ>íMHHÄ]÷Âï,ÅÑ∑R\x16Hxà"
"Hello.pdf",60,"H (!\bA¥1êJQ"
"Hello.pdf",61,"j	L+I\x17.RÃ'õ4â\x03Çpöº√§v⁄ƒàÕ‰\x13∑=R\x0eıâD™`ÃJ>¶"
"Hello.pdf",61,"a\n>®¿ëAhb°i\x10\x0e+\x1cz?^\x1eRx?\x1e\x07\x15ﬁS8PÂî\x072Ò◊TÏWx∑\x16ç´|≤Q·/"
"Hello.pdf",64,"5\rª\x02zù\x0f;\x15^ØE§f®|M·U\x1e^m≈+lká¬\x1f"
"Hello.pdf",66,"W\nÀ\x15\x1ep\x0eì\x0fL¬/\x15*Ô≈≤•\x15rô¬“"
"Hello.pdf",70,"y\nwÂ‚NÖππ(n≈ú:ÃV(R(Tò5≥£ú•0ì\x1crfGÃPòÆpá¬ÌS\x12‰Ì6L+ƒm˚0ïÖ©.LI\x00?—A\x17nU¯π¬-\x19ÈÚñ\\LVò§0QaB\x05∆+‹Ï¬8Ö±¬/«*‹Tá1›p„Ë4ycå\x1eû$GßaTAö\x1c•0í•ëÖ\x18¡“à:\x14§!üÅ¸˛\x18>Ã)á'axD"
"Hello.pdf",71,"g\nÉ9Ñ¡≠∏A·˙n\x18§0ê"
"Hello.pdf",74,"c\x0bÌF"
"Hello.pdf",75,"u F¡¬¶-"
"Hello.pdf",77,"fsu\rN”bÏ¢CÙ\x0e\x1dcÓ¥\x18\b^+\x0eëGú`?+°°û•=LÀQè†Ë$Jhãxâ-ñSDî“2çGm""[ﬁØ\x1fdt?=ƒ◊£¥ÖJô72XŒÒL;h\x15]†"
"Hello.pdf",78,"o\x0bCAÁn·\x1eü≥ì£ä•Ñ¨^ΩìÛÿuû”À‘ª≤QÎﬁÿxıÉFŸtı-ÌÜ÷,Ìõ´NˆØQ˘µœ¯≠QN)îIyF\x04;\x19t∞Å\biÏ!ì=eÊ;œBâ"
"Hello.pdf",79,"endstream\nendobj"
"Hello.pdf",81,"14 0"
"Hello.pdf",81,"obj\n2734"
"Hello.pdf",83,"endobj\n15"
"Hello.pdf",84,"0 obj"
"Hello.pdf",86,"endobj\n16"
"Hello.pdf",87,"0 obj"
"Hello.pdf",88,"Mac OS"
"Hello.pdf",89,"endobj\n17"
"Hello.pdf",90,"0 obj"
"Hello.pdf",92,"endobj\n18"
"Hello.pdf",93,"0 obj"
"Hello.pdf",95,"endobj\n19"
"Hello.pdf",96,"0 obj"
"Hello.pdf",98,"endobj\n20"
"Hello.pdf",99,"0 obj"
"Hello.pdf",101,"endobj\n1"
"Hello.pdf",102,"0 obj"
"Hello.pdf",103,"Title 15"
"Hello.pdf",103,"ModDate\n18"
"Hello.pdf",104,"0 R"
"Hello.pdf",105,"endobj\nxref"
"Hello.pdf",107,"0 21"
"Hello.pdf",108,"0000000000 65535"
"Hello.pdf",108,"f \n0000005392"
"Hello.pdf",109,"00000 n"
"Hello.pdf",110,"0000000238 00000"
"Hello.pdf",110,"n \n0000001714"
"Hello.pdf",111,"00000 n"
"Hello.pdf",112,"0000000022 00000"
"Hello.pdf",112,"n \n0000000219"
"Hello.pdf",113,"00000 n"
"Hello.pdf",114,"0000000342 00000"
"Hello.pdf",114,"n \n0000001679"
"Hello.pdf",115,"00000 n"
"Hello.pdf",116,"0000001847 00000"
"Hello.pdf",116,"n \n0000000439"
"Hello.pdf",117,"00000 n"
"Hello.pdf",118,"0000001658 00000"
"Hello.pdf",118,"n \n0000001797"
"Hello.pdf",119,"00000 n"
"Hello.pdf",120,"0000002110 00000"
"Hello.pdf",120,"n \n0000002362"
"Hello.pdf",121,"00000 n"
"Hello.pdf",122,"0000005186 00000"
"Hello.pdf",122,"n \n0000005207"
"Hello.pdf",123,"00000 n"
"Hello.pdf",124,"0000005231 00000"
"Hello.pdf",124,"n \n0000005284"
"Hello.pdf",125,"00000 n"
"Hello.pdf",126,"0000005311 00000"
"Hello.pdf",126,"n \n0000005353"
"Hello.pdf",127,"00000 n"
"Hello.pdf",128,"0000005372 00000"
"Hello.pdf",128,"n \ntrailer"
"Hello.pdf",130,"Size 21"
"Hello.pdf",132,"startxref\n5536"
"Hello.sh",1,"sh\necho"
"Hello.sh",2,"Hello World!"""
