<grep>
  <file name="Hello.bat">
    <match>1</match>
  </file>
  <file name="Hello.class">
    <match>1</match>
  </file>
  <file name="Hello.java">
    <match>2</match>
  </file>
  <file name="Hello.pdf">
    <match>1</match>
  </file>
  <file name="Hello.sh">
    <match>1</match>
  </file>
  <file name="Hello.txt">
    <match>1</match>
  </file>
</grep>
