[1;35mHello.bat[0m[1;36m:[0m
[1;32m00000010[0m[1;36m: [0m[1;4;32m 48 65 6c 6c 6f[0m[1;34m -- -- --  -- -- -- -- -- -- -- -- [0m[1;36m |[0m[1;4;32mHello[0m[1;34m-----------[0m[1;36m|[0m
[1;35mHello.class[0m[1;36m:[0m
[1;32m00000070[0m[1;36m: [0m[1;34m -- -- -- -- -- -- -- --  -- --[0m[1;4;32m 48 65 6c 6c 6f[0m[1;34m -- [0m[1;36m |[0m[1;34m----------[0m[1;4;32mHello[0m[1;34m-[0m[1;36m|[0m
[1;32m00000090[0m[1;36m: [0m[1;34m -- -- -- --[0m[1;4;32m 48 65 6c 6c  6f[0m[1;34m -- -- -- -- -- -- -- [0m[1;36m |[0m[1;34m----[0m[1;4;32mHello[0m[1;34m-------[0m[1;36m|[0m
[1;32m000000a0[0m[1;36m: [0m[1;34m -- -- -- -- -- -- -- --  -- -- --[0m[1;4;32m 48 65 6c 6c 6f [0m[1;36m |[0m[1;34m-----------[0m[1;4;32mHello[0m[1;36m|[0m
[1;35mHello.java[0m[1;36m:[0m
[1;32m00000020[0m[1;36m: [0m[1;34m -- --[0m[1;4;32m 48 65 6c 6c 6f[0m[1;34m --  -- -- -- -- -- -- -- -- [0m[1;36m |[0m[1;34m--[0m[1;4;32mHello[0m[1;34m---------[0m[1;36m|[0m
[1;32m00000030[0m[1;36m: [0m[1;34m -- -- -- --[0m[1;4;32m 48 65 6c 6c  6f[0m[1;34m -- -- -- -- -- -- -- [0m[1;36m |[0m[1;34m----[0m[1;4;32mHello[0m[1;34m-------[0m[1;36m|[0m
[1;35mHello.java[0m[1;36m:[0m
[1;32m00000080[0m[1;36m: [0m[1;34m -- -- -- -- -- -- -- --  -- --[0m[1;4;32m 48 65 6c 6c 6f[0m[1;34m -- [0m[1;36m |[0m[1;34m----------[0m[1;4;32mHello[0m[1;34m-[0m[1;36m|[0m
[1;35mHello.pdf[0m[1;36m:[0m
[1;32m00001460[0m[1;36m: [0m[1;34m --[0m[1;4;32m 48 65 6c 6c 6f[0m[1;34m -- --  -- -- -- -- -- -- -- -- [0m[1;36m |[0m[1;34m-[0m[1;4;32mHello[0m[1;34m----------[0m[1;36m|[0m
[1;35mHello.sh[0m[1;36m:[0m
[1;32m00000010[0m[1;36m: [0m[1;4;32m 48 65 6c 6c 6f[0m[1;34m -- -- --  -- -- -- -- -- -- -- -- [0m[1;36m |[0m[1;4;32mHello[0m[1;34m-----------[0m[1;36m|[0m
[1;35mHello.txt[0m[1;36m:[0m
[1;32m00000000[0m[1;36m: [0m[1;4;32m 48 65 6c 6c 6f[0m[1;34m -- -- --  -- -- -- -- -- -- -- -- [0m[1;36m |[0m[1;4;32mHello[0m[1;34m-----------[0m[1;36m|[0m
