[1;35mHello.bat[0m[1;36m:[0m[32;1m2[0m[1;36m:[0m[1;4;32mHello[0m
[1;35mHello.java[0m[1;36m:[0m[32;1m2[0m[1;36m:[0m[1;4;32mHello[0m
[1;4;32mHello[0m
[1;35mHello.java[0m[1;36m:[0m[32;1m4[0m[1;36m:[0m[1;4;32mHello[0m
[1;35mHello.pdf[0m[1;36m:[0m[32;1m85[0m[1;36m:[0m[1;4;32mHello[0m
[1;35mHello.sh[0m[1;36m:[0m[32;1m2[0m[1;36m:[0m[1;4;32mHello[0m
[1;35mHello.txt[0m[1;36m:[0m[32;1m1[0m[1;36m:[0m[1;4;32mHello[0m
