<grep>
  <file name="Hello.bat">
    <match>2</match>
  </file>
  <file name="Hello.class">
    <match>2</match>
  </file>
  <file name="Hello.java">
    <match>9</match>
  </file>
  <file name="Hello.pdf">
    <match>210</match>
  </file>
  <file name="Hello.sh">
    <match>2</match>
  </file>
  <file name="Hello.txt">
    <match>0</match>
  </file>
</grep>
