[1;35mHello.java[0m[1;36m:[0m[0m[1;4;32m[0m[0m
