"Hello.bat",1
"Hello.class",7
"Hello.java",2
"Hello.pdf",112
"Hello.sh",1
"Hello.txt",0
