"Hello.bat",2,7,16,"Hello"
"Hello.class",5,1,122,"Hello"
"Hello.java",2,14,33,"Hello"
"Hello.java",4,25,137,"Hello"
"Hello.pdf",85,2,5217,"Hello"
"Hello.sh",2,7,16,"Hello"
"Hello.txt",1,1,0,"Hello"
