"Hello.bat",2
"Hello.class",2
"Hello.java",9
"Hello.pdf",210
"Hello.sh",2
"Hello.txt",0
