[1;35mHello.bat[0m[1;36m:[0m[32;1m     2[0m[1;36m:[0m[1;32m  7[0m[1;36m:[0m[1;32m     16[0m[1;36m:[0m	
[1;32m00000010[0m[1;36m:[0m [1;4;32m 48[0m[1;4;32m 65[0m[1;4;32m 6c[0m[1;4;32m 6c[0m[1;4;32m 6f[0m[1;34m --[0m[1;34m --[0m[1;34m -- [0m[1;34m --[0m[1;34m --[0m[1;34m --[0m[1;34m --[0m[1;34m --[0m[1;34m --[0m[1;34m --[0m[1;34m -- [0m [1;36m|[0m[1;4;32mH[0m[1;4;32me[0m[1;4;32ml[0m[1;4;32ml[0m[1;4;32mo[0m[1;34m-[0m[1;34m-[0m[1;34m-[0m[1;34m-[0m[1;34m-[0m[1;34m-[0m[1;34m-[0m[1;34m-[0m[1;34m-[0m[1;34m-[0m[1;34m-[0m[1;36m|[0m
[1;35mHello.class[0m[1;36m:[0m[32;1m     5[0m[1;36m:[0m[1;32m  1[0m[1;36m:[0m[1;32m    122[0m[1;36m:[0m	
[1;32m00000070[0m[1;36m:[0m [1;34m --[0m[1;34m --[0m[1;34m --[0m[1;34m --[0m[1;34m --[0m[1;34m --[0m[1;34m --[0m[1;34m -- [0m[1;34m --[0m[1;34m --[0m[1;4;32m 48[0m[1;4;32m 65[0m[1;4;32m 6c[0m[1;4;32m 6c[0m[1;4;32m 6f[0m[1;34m -- [0m [1;36m|[0m[1;34m-[0m[1;34m-[0m[1;34m-[0m[1;34m-[0m[1;34m-[0m[1;34m-[0m[1;34m-[0m[1;34m-[0m[1;34m-[0m[1;34m-[0m[1;4;32mH[0m[1;4;32me[0m[1;4;32ml[0m[1;4;32ml[0m[1;4;32mo[0m[1;34m-[0m[1;36m|[0m
[1;32m00000090[0m[1;36m:[0m [1;34m --[0m[1;34m --[0m[1;34m --[0m[1;34m --[0m[1;4;32m 48[0m[1;4;32m 65[0m[1;4;32m 6c[0m[1;4;32m 6c [0m[1;4;32m 6f[0m[1;34m --[0m[1;34m --[0m[1;34m --[0m[1;34m --[0m[1;34m --[0m[1;34m --[0m[1;34m -- [0m [1;36m|[0m[1;34m-[0m[1;34m-[0m[1;34m-[0m[1;34m-[0m[1;4;32mH[0m[1;4;32me[0m[1;4;32ml[0m[1;4;32ml[0m[1;4;32mo[0m[1;34m-[0m[1;34m-[0m[1;34m-[0m[1;34m-[0m[1;34m-[0m[1;34m-[0m[1;34m-[0m[1;36m|[0m
[1;32m000000a0[0m[1;36m:[0m [1;34m --[0m[1;34m --[0m[1;34m --[0m[1;34m --[0m[1;34m --[0m[1;34m --[0m[1;34m --[0m[1;34m -- [0m[1;34m --[0m[1;34m --[0m[1;34m --[0m[1;4;32m 48[0m[1;4;32m 65[0m[1;4;32m 6c[0m[1;4;32m 6c[0m[1;4;32m 6f [0m [1;36m|[0m[1;34m-[0m[1;34m-[0m[1;34m-[0m[1;34m-[0m[1;34m-[0m[1;34m-[0m[1;34m-[0m[1;34m-[0m[1;34m-[0m[1;34m-[0m[1;34m-[0m[1;4;32mH[0m[1;4;32me[0m[1;4;32ml[0m[1;4;32ml[0m[1;4;32mo[0m[1;36m|[0m
[1;35mHello.java[0m[1;36m:[0m[32;1m     3[0m[1;36m:[0m[1;32m 14[0m[1;36m:[0m[1;32m     34[0m[1;36m:[0m	
[1;32m00000020[0m[1;36m:[0m [1;34m --[0m[1;34m --[0m[1;4;32m 48[0m[1;4;32m 65[0m[1;4;32m 6c[0m[1;4;32m 6c[0m[1;4;32m 6f[0m[1;34m -- [0m[1;34m --[0m[1;34m --[0m[1;34m --[0m[1;34m --[0m[1;34m --[0m[1;34m --[0m[1;34m --[0m[1;34m -- [0m [1;36m|[0m[1;34m-[0m[1;34m-[0m[1;4;32mH[0m[1;4;32me[0m[1;4;32ml[0m[1;4;32ml[0m[1;4;32mo[0m[1;34m-[0m[1;34m-[0m[1;34m-[0m[1;34m-[0m[1;34m-[0m[1;34m-[0m[1;34m-[0m[1;34m-[0m[1;34m-[0m[1;36m|[0m
[1;32m00000030[0m[1;36m:[0m [1;34m --[0m[1;34m --[0m[1;34m --[0m[1;34m --[0m[1;4;32m 48[0m[1;4;32m 65[0m[1;4;32m 6c[0m[1;4;32m 6c [0m[1;4;32m 6f[0m[1;34m --[0m[1;34m --[0m[1;34m --[0m[1;34m --[0m[1;34m --[0m[1;34m --[0m[1;34m -- [0m [1;36m|[0m[1;34m-[0m[1;34m-[0m[1;34m-[0m[1;34m-[0m[1;4;32mH[0m[1;4;32me[0m[1;4;32ml[0m[1;4;32ml[0m[1;4;32mo[0m[1;34m-[0m[1;34m-[0m[1;34m-[0m[1;34m-[0m[1;34m-[0m[1;34m-[0m[1;34m-[0m[1;36m|[0m
[1;35mHello.java[0m[1;36m:[0m[32;1m     5[0m[1;36m:[0m[1;32m 25[0m[1;36m:[0m[1;32m    138[0m[1;36m:[0m	
[1;32m00000080[0m[1;36m:[0m [1;34m --[0m[1;34m --[0m[1;34m --[0m[1;34m --[0m[1;34m --[0m[1;34m --[0m[1;34m --[0m[1;34m -- [0m[1;34m --[0m[1;34m --[0m[1;4;32m 48[0m[1;4;32m 65[0m[1;4;32m 6c[0m[1;4;32m 6c[0m[1;4;32m 6f[0m[1;34m -- [0m [1;36m|[0m[1;34m-[0m[1;34m-[0m[1;34m-[0m[1;34m-[0m[1;34m-[0m[1;34m-[0m[1;34m-[0m[1;34m-[0m[1;34m-[0m[1;34m-[0m[1;4;32mH[0m[1;4;32me[0m[1;4;32ml[0m[1;4;32ml[0m[1;4;32mo[0m[1;34m-[0m[1;36m|[0m
[1;35mHello.pdf[0m[1;36m:[0m[32;1m    85[0m[1;36m:[0m[1;32m  2[0m[1;36m:[0m[1;32m   5217[0m[1;36m:[0m	
[1;32m00001460[0m[1;36m:[0m [1;34m --[0m[1;4;32m 48[0m[1;4;32m 65[0m[1;4;32m 6c[0m[1;4;32m 6c[0m[1;4;32m 6f[0m[1;34m --[0m[1;34m -- [0m[1;34m --[0m[1;34m --[0m[1;34m --[0m[1;34m --[0m[1;34m --[0m[1;34m --[0m[1;34m --[0m[1;34m -- [0m [1;36m|[0m[1;34m-[0m[1;4;32mH[0m[1;4;32me[0m[1;4;32ml[0m[1;4;32ml[0m[1;4;32mo[0m[1;34m-[0m[1;34m-[0m[1;34m-[0m[1;34m-[0m[1;34m-[0m[1;34m-[0m[1;34m-[0m[1;34m-[0m[1;34m-[0m[1;34m-[0m[1;36m|[0m
[1;35mHello.sh[0m[1;36m:[0m[32;1m     2[0m[1;36m:[0m[1;32m  7[0m[1;36m:[0m[1;32m     16[0m[1;36m:[0m	
[1;32m00000010[0m[1;36m:[0m [1;4;32m 48[0m[1;4;32m 65[0m[1;4;32m 6c[0m[1;4;32m 6c[0m[1;4;32m 6f[0m[1;34m --[0m[1;34m --[0m[1;34m -- [0m[1;34m --[0m[1;34m --[0m[1;34m --[0m[1;34m --[0m[1;34m --[0m[1;34m --[0m[1;34m --[0m[1;34m -- [0m [1;36m|[0m[1;4;32mH[0m[1;4;32me[0m[1;4;32ml[0m[1;4;32ml[0m[1;4;32mo[0m[1;34m-[0m[1;34m-[0m[1;34m-[0m[1;34m-[0m[1;34m-[0m[1;34m-[0m[1;34m-[0m[1;34m-[0m[1;34m-[0m[1;34m-[0m[1;34m-[0m[1;36m|[0m
[1;35mHello.txt[0m[1;36m:[0m[32;1m     1[0m[1;36m:[0m[1;32m  1[0m[1;36m:[0m[1;32m      0[0m[1;36m:[0m	
[1;32m00000000[0m[1;36m:[0m [1;4;32m 48[0m[1;4;32m 65[0m[1;4;32m 6c[0m[1;4;32m 6c[0m[1;4;32m 6f[0m[1;34m --[0m[1;34m --[0m[1;34m -- [0m[1;34m --[0m[1;34m --[0m[1;34m --[0m[1;34m --[0m[1;34m --[0m[1;34m --[0m[1;34m --[0m[1;34m -- [0m [1;36m|[0m[1;4;32mH[0m[1;4;32me[0m[1;4;32ml[0m[1;4;32ml[0m[1;4;32mo[0m[1;34m-[0m[1;34m-[0m[1;34m-[0m[1;34m-[0m[1;34m-[0m[1;34m-[0m[1;34m-[0m[1;34m-[0m[1;34m-[0m[1;34m-[0m[1;34m-[0m[1;36m|[0m
