[1;35mHello.bat[0m[1;36m:[0m#!/bin/[0m[1;4;32msh
[0m[1;35mHello.bat[0m[1;36m|[0m[1;4;32mecho[0m "[0m[1;4;32mHello World[0m!"[0m
[1;35mHello.java[0m[1;36m:[0m[0m[1;4;32mimport java.lang[0m.*;[0m
[1;35mHello.java[0m[1;36m:[0m[0m[1;4;32mpublic class[0m Hello // [0m[1;4;32mprints a[0m [0m[1;4;32mHello World[0m! greeting[0m
[1;35mHello.java[0m[1;36m:[0m{ [0m[1;4;32mpublic static[0m [0m[1;4;32mvoid main(String[0m[] arg)[0m
[1;35mHello.java[0m[1;36m:[0m  { System.out.println("[0m[1;4;32mHello World[0m!");[0m
[1;35mHello.pdf[0m[1;36m:[0m[0m[1;4;32m4 0[0m obj[0m
[1;35mHello.pdf[0m[1;36m:[0m<< /[0m[1;4;32mLength 5[0m [0m[1;4;32m0 R[0m /[0m[1;4;32mFilter /FlateDecode[0m >>[0m
[1;35mHello.sh[0m[1;36m:[0m#!/bin/[0m[1;4;32msh
[0m[1;35mHello.sh[0m[1;36m|[0m[1;4;32mecho[0m "[0m[1;4;32mHello World[0m!"[0m
