[1;35mHello.bat[0m[1;36m:[0mecho "[0m[1;4;32mHello[0m World!"[0m
[0mBinary file[1m Hello.class[0m matches
[1;35mHello.java[0m[1;36m:[0mpublic class [0m[1;4;32mHello[0m // prints a [0m[1;4;32mHello[0m World! greeting[0m
[1;35mHello.java[0m[1;36m:[0m  { System.out.println("[0m[1;4;32mHello[0m World!");[0m
[1;35mHello.pdf[0m[1;36m:[0m([0m[1;4;32mHello[0m)[0m
[1;35mHello.sh[0m[1;36m:[0mecho "[0m[1;4;32mHello[0m World!"[0m
[1;35mHello.txt[0m[1;36m:[0m[0m[1;4;32mHello[0m
