[1;35mHello.txt[0m[1;36m:[0m[0m[1;4;32mHello[0m
