[0mBinary file[1m Hello.class[0m matches
[1;35mHello.java[0m[1;36m:[0m[0m[1;4;32mimport java.lang.*;[0m[0m
[0mBinary file[1m Hello.pdf[0m matches
