[1;35mHello.bat[0m[1;36m:[0m[0m#!/bin/sh[0m[0m
[1;35mHello.bat[0m[1;36m:[0m[0mecho "Hello World!"[0m[0m
[1;35mHello.java[0m[1;36m:[0m[0mimport java.lang.*;[0m[0m
[1;35mHello.java[0m[1;36m:[0m[0m[0m[0m
[1;35mHello.java[0m[1;36m:[0m[0mpublic class Hello // prints a Hello World! greeting[0m[0m
[1;35mHello.java[0m[1;36m:[0m[0m{ public static void main(String[] arg)[0m[0m
[1;35mHello.java[0m[1;36m:[0m[0m  { System.out.println("Hello World!");[0m[0m
[1;35mHello.java[0m[1;36m:[0m[0m  }[0m[0m
[1;35mHello.java[0m[1;36m:[0m[0m}[0m[0m
[1;35mHello.pdf[0m[1;36m:[0m[0m%PDF-1.3[0m[0m
[1;35mHello.sh[0m[1;36m:[0m[0m#!/bin/sh[0m[0m
[1;35mHello.sh[0m[1;36m:[0m[0mecho "Hello World!"[0m[0m
[1;35mHello.txt[0m[1;36m:[0m[0mHello[0m
