[1;35mHello.pdf[m[1;36m:[m([m[1;4;32mHello[m)[m
[1;35mHello.txt[m[1;36m:[m[m[1;4;32mHello[m
