[1;35mHello.bat[m[1;36m:[m[1;4;32msh
[m[1;35mHello.bat[m[1;36m|[m[1;4;32mecho[m
[1;4;32mHello World!"[m
[1;35mHello.class[m[1;36m:[m
[1;32m00000080[m[1;36m: [m[1;4;32m 6a 61 76 61 0c 00 07 00  08 07 00 17[m[1;34m -- -- -- -- [m[1;36m |[m[1;4;32mjava[7mL[7m@[7mG[7m@[7mH[7mG[7m@[7mW[m[1;34m----[m[1;36m|[m
[1;32m00000090[m[1;36m: [m[1;34m -- -- -- --[m[1;4;32m 48 65 6c 6c  6f 20 57 6f 72 6c 64 21 [m[1;36m |[m[1;34m----[m[1;4;32mHello World![m[1;36m|[m
[1;32m000000a0[m[1;36m: [m[1;4;32m 07 00 1a[m[1;34m -- -- -- -- --  -- -- -- -- -- -- -- -- [m[1;36m |[m[1;4;32m[7mG[7m@[7mZ[m[1;34m-------------[m[1;36m|[m
[1;35mHello.java[m[1;36m:[m[1;4;32mimport java.lang.*;[m
[1;35mHello.java[m[1;36m:[m[1;4;32mpublic class[m
[1;4;32mHello //[m
[1;4;32mprints a[m
[1;4;32mHello World![m
[1;4;32mgreeting
[m[1;35mHello.java[m[1;36m|[m[1;4;32m{[m
[1;4;32mpublic static[m
[1;4;32mvoid main(String[][m
[1;35mHello.java[m[1;36m:[m[1;4;32mHello World!");[m
[1;35mHello.pdf[m[1;36m:[m
[1;32m00000000[m[1;36m: [m[1;34m -- -- -- -- -- -- --[m[1;4;32m 33  0a 25 c4 e5 f2 e5 eb a7 [m[1;36m |[m[1;34m-------[m[1;4;32m3[7mJ%[7m.[7m.[7m.[7m.[7m.[7m.[m[1;36m|[m
[1;32m00000010[m[1;36m: [m[1;4;32m f3 a0 d0 c4 c6[m[1;34m -- -- --  -- -- -- -- -- -- -- -- [m[1;36m |[m[1;4;32m[7m.[7m.[7m.[7m.[7m.[m[1;34m-----------[m[1;36m|[m
[1;35mHello.pdf[m[1;36m:[m[1;4;32m4 0[m
[1;4;32mobj
[m[1;35mHello.pdf[m[1;36m|[m[1;4;32m<<[m
[1;4;32mLength 5[m
[1;4;32m0 R[m
[1;4;32mFilter /FlateDecode[m
[1;35mHello.pdf[m[1;36m:[m
[1;32m00000040[m[1;36m: [m[1;34m -- -- -- -- -- -- --[m[1;4;32m 73  74 72 65 61 6d 0a 78 01 [m[1;36m |[m[1;34m-------[m[1;4;32mstream[7mJx[7mA[m[1;36m|[m
[1;32m00000050[m[1;36m: [m[1;4;32m 45 8e bb[m[1;34m -- -- -- -- --  -- -- -- -- -- -- -- -- [m[1;36m |[m[1;4;32mE[7m.[7m.[m[1;34m-------------[m[1;36m|[m
[1;35mHello.pdf[m[1;36m:[m
[1;32m00000070[m[1;36m: [m[1;34m -- -- -- -- -- --[m[1;4;32m 39 0c  b3 31 b2 51 02 b9 46 97 [m[1;36m |[m[1;34m------[m[1;4;32m9[7mL[7m.1[7m.Q[7mB[7m.F[7m.[m[1;36m|[m
[1;32m00000080[m[1;36m: [m[1;4;32m e2 a9 12 f3 99 90 5c 4c  59[m[1;34m -- -- -- -- -- -- -- [m[1;36m |[m[1;4;32m[7m.[7m.[7mR[7m.[7m.[7m.\LY[m[1;34m-------[m[1;36m|[m
[1;35mHello.pdf[m[1;36m:[m[1;4;32mendstream
[m[1;35mHello.pdf[m[1;36m|[m[1;4;32mendobj[m
[1;35mHello.pdf[m[1;36m:[m[1;4;32m5 0[m
[1;4;32mobj
[m[1;35mHello.pdf[m[1;36m|[m[1;4;32m123[m
[1;35mHello.pdf[m[1;36m:[m[1;4;32mendobj
[m[1;35mHello.pdf[m[1;36m|[m[1;4;32m2[m
[1;4;32m0 obj[m
[1;35mHello.pdf[m[1;36m:[m[1;4;32mType /Page[m
[1;4;32mParent 3[m
[1;4;32m0 R[m
[1;4;32mResources 6[m
[1;4;32m0 R[m
[1;4;32mContents 4[m
[1;4;32m0 R[m
[1;4;32mMediaBox [0[m
[1;4;32m0 612[m
[1;35mHello.pdf[m[1;36m:[m[1;4;32mendobj
[m[1;35mHello.pdf[m[1;36m|[m[1;4;32m6[m
[1;4;32m0 obj[m
[1;35mHello.pdf[m[1;36m:[m[1;4;32mProcSet [[m
[1;4;32mPDF /Text[m
[1;4;32mColorSpace <<[m
[1;4;32mCs1 7[m
[1;4;32m0 R[m
[1;4;32mFont <<[m
[1;4;32mTT1 8[m
[1;4;32m0 R[m
[1;35mHello.pdf[m[1;36m:[m[1;4;32mendobj
[m[1;35mHello.pdf[m[1;36m|[m[1;4;32m9[m
[1;4;32m0 obj[m
[1;35mHello.pdf[m[1;36m:[m[1;4;32mLength 10[m
[1;4;32m0 R[m
[1;4;32mN 1[m
[1;4;32mAlternate /DeviceGray[m
[1;4;32mFilter /FlateDecode[m
[1;35mHello.pdf[m[1;36m:[m
[1;32m00000200[m[1;36m: [m[1;34m -- -- -- -- --[m[1;4;32m 73 74 72  65 61 6d 0a 78 01 85 55 [m[1;36m |[m[1;34m-----[m[1;4;32mstream[7mJx[7mA[7m.U[m[1;36m|[m
[1;32m00000210[m[1;36m: [m[1;4;32m 5d 68 1c 55 14 3e bb 73  67 03 12 07 1f b4[m[1;34m -- -- [m[1;36m |[m[1;4;32m]h[7m\U[7mT>[7m.sg[7mC[7mR[7mG[7m_[7m.[m[1;34m--[m[1;36m|[m
[1;35mHello.pdf[m[1;36m:[m
[1;32m00000220[m[1;36m: [m[1;34m -- -- --[m[1;4;32m 6d 09 e9 32 89  56 13 8b b5 db 4d ba 49 [m[1;36m |[m[1;34m---[m[1;4;32mm[7mI[7m.2[7m.V[7mS[7m.[7m.[7m.M[7m.I[m[1;36m|[m
[1;32m00000230[m[1;36m: [m[1;4;32m 13 b7 eb 66 53 9b 2a ca  74 76 36 3b cd 64 66 9c [m[1;36m |[m[1;4;32m[7mS[7m.[7m.fS[7m.*[7m.tv6;[7m.df[7m.[m[1;36m|[m
[1;32m00000240[m[1;36m: [m[1;4;32m 99 dd 26 a1 4f a5 e0 9b  16 04 e9 ab a0 3e c6 82 [m[1;36m |[m[1;4;32m[7m.[7m.&[7m.O[7m.[7m.[7m.[7mV[7mD[7m.[7m.[7m.>[7m.[7m.[m[1;36m|[m
[1;32m00000250[m[1;36m: [m[1;4;32m 08 b6 2a 36 2f f6 a5 a5  c5 92 4a 35 0f[m[1;34m -- -- -- [m[1;36m |[m[1;4;32m[7mH[7m.*6/[7m.[7m.[7m.[7m.[7m.J5[7mO[m[1;34m---[m[1;36m|[m
[1;35mHello.pdf[m[1;36m:[m
[1;32m000003e0[m[1;36m: [m[1;34m -- -- -- -- -- -- -- --  -- -- -- -- -- --[m[1;4;32m 37 20 [m[1;36m |[m[1;34m--------------[m[1;4;32m7 [m[1;36m|[m
[1;32m000003f0[m[1;36m: [m[1;4;32m 8b 9a 11 f2 c8 c7 58[m[1;34m --  -- -- -- -- -- -- -- -- [m[1;36m |[m[1;4;32m[7m.[7m.[7mQ[7m.[7m.[7m.X[m[1;34m---------[m[1;36m|[m
[1;35mHello.pdf[m[1;36m:[m
[1;32m00000450[m[1;36m: [m[1;34m -- -- -- --[m[1;4;32m 62 50 0c 91  2a 5e 15 87 c5 21 31[m[1;34m -- [m[1;36m |[m[1;34m----[m[1;4;32mbP[7mL[7m.*^[7mU[7m.[7m.!1[m[1;34m-[m[1;36m|[m
[1;35mHello.pdf[m[1;36m:[m[1;4;32m4
[m[1;35mHello.pdf[m[1;36m|[m[1;4;32mendstream[m
[1;35mHello.pdf[m[1;36m:[m[1;4;32mendobj
[m[1;35mHello.pdf[m[1;36m|[m[1;4;32m10[m
[1;4;32m0 obj[m
[1;35mHello.pdf[m[1;36m:[m[1;4;32m1116
[m[1;35mHello.pdf[m[1;36m|[m[1;4;32mendobj[m
[1;35mHello.pdf[m[1;36m:[m[1;4;32m7 0[m
[1;4;32mobj
[m[1;35mHello.pdf[m[1;36m|[m[1;4;32m[[m
[1;4;32mICCBased 9[m
[1;4;32m0 R[m
[1;35mHello.pdf[m[1;36m:[m[1;4;32mendobj
[m[1;35mHello.pdf[m[1;36m|[m[1;4;32m3[m
[1;4;32m0 obj[m
[1;35mHello.pdf[m[1;36m:[m[1;4;32mType /Pages[m
[1;4;32mMediaBox [0[m
[1;4;32m0 612[m
[1;4;32mCount 1[m
[1;4;32mKids [[m
[1;4;32m2 0[m
[1;4;32mR ][m
[1;35mHello.pdf[m[1;36m:[m[1;4;32mendobj
[m[1;35mHello.pdf[m[1;36m|[m[1;4;32m11[m
[1;4;32m0 obj[m
[1;35mHello.pdf[m[1;36m:[m[1;4;32mType /Catalog[m
[1;4;32mPages 3[m
[1;4;32m0 R[m
[1;35mHello.pdf[m[1;36m:[m[1;4;32mendobj
[m[1;35mHello.pdf[m[1;36m|[m[1;4;32m8[m
[1;4;32m0 obj[m
[1;35mHello.pdf[m[1;36m:[m[1;4;32mType /Font[m
[1;4;32mSubtype /TrueType[m
[1;4;32mBaseFont /GQTMZF+Menlo-Regular[m
[1;4;32mFontDescriptor
[m[1;35mHello.pdf[m[1;36m|[m[1;4;32m12[m
[1;4;32m0 R[m
[1;4;32mEncoding /MacRomanEncoding[m
[1;4;32mFirstChar 72[m
[1;4;32mLastChar 111[m
[1;4;32mWidths [[m
[1;4;32m602
[m[1;35mHello.pdf[m[1;36m|[m[1;4;32m0[m
[1;4;32m0 0[m
[1;4;32m0 0[m
[1;4;32m0 0[m
[1;4;32m0 0[m
[1;4;32m0 0[m
[1;4;32m0 0[m
[1;4;32m0 0[m
[1;4;32m0 0[m
[1;4;32m0 0[m
[1;4;32m0 0[m
[1;4;32m0 0[m
[1;4;32m0 0[m
[1;4;32m0 0[m
[1;4;32m0 602[m
[1;4;32m0 0[m
[1;4;32m0 0[m
[1;4;32m0 0[m
[1;4;32m602
[m[1;35mHello.pdf[m[1;36m|[m[1;4;32m0[m
[1;4;32m0 602[m
[1;35mHello.pdf[m[1;36m:[m[1;4;32mendobj
[m[1;35mHello.pdf[m[1;36m|[m[1;4;32m12[m
[1;4;32m0 obj[m
[1;35mHello.pdf[m[1;36m:[m[1;4;32mType /FontDescriptor[m
[1;4;32mFontName /GQTMZF+Menlo-Regular[m
[1;4;32mFlags 33[m
[1;4;32mFontBBox
[m[1;35mHello.pdf[m[1;36m|[m[1;4;32m[-558[m
[1;4;32m375 718[m
[1;4;32mItalicAngle 0[m
[1;4;32mAscent 928[m
[1;4;32mDescent -236[m
[1;4;32mCapHeight 729[m
[1;35mHello.pdf[m[1;36m:[m[1;4;32mStemV 99[m
[1;4;32mXHeight 547[m
[1;4;32mStemH 83[m
[1;4;32mAvgWidth 602[m
[1;4;32mMaxWidth 602[m
[1;4;32mFontFile2 13[m
[1;4;32m0 R[m
[1;35mHello.pdf[m[1;36m:[m[1;4;32mendobj
[m[1;35mHello.pdf[m[1;36m|[m[1;4;32m13[m
[1;4;32m0 obj[m
[1;35mHello.pdf[m[1;36m:[m[1;4;32mLength 14[m
[1;4;32m0 R[m
[1;4;32mLength1 4064[m
[1;4;32mFilter /FlateDecode[m
[1;35mHello.pdf[m[1;36m:[m
[1;32m00000970[m[1;36m: [m[1;34m -- -- -- -- -- -- -- --  -- -- --[m[1;4;32m 73 74 72 65 61 [m[1;36m |[m[1;34m-----------[m[1;4;32mstrea[m[1;36m|[m
[1;32m00000980[m[1;36m: [m[1;4;32m 6d 0a 78 01 dd 57 7b 78  54 c5 15 3f 73 7f 77 36 [m[1;36m |[m[1;4;32mm[7mJx[7mA[7m.W{xT[7m.[7mU?s[7m~w6[m[1;36m|[m
[1;32m00000990[m[1;36m: [m[1;4;32m af cd 3e 92 4d 48 48 80  5d d6 e5 95 2c 81 84 b7 [m[1;36m |[m[1;4;32m[7m.[7m.>[7m.MHH[7m.][7m.[7m.[7m.,[7m.[7m.[7m.[m[1;36m|[m
[1;32m000009a0[m[1;36m: [m[1;4;32m 52 16 48 78 88[m[1;34m -- -- --  -- -- -- -- -- -- -- -- [m[1;36m |[m[1;4;32mR[7mVHx[7m.[m[1;34m-----------[m[1;36m|[m
[1;35mHello.pdf[m[1;36m:[m
[1;32m000009a0[m[1;36m: [m[1;34m -- -- -- -- -- -- -- --  -- -- --[m[1;4;32m 48 20 28 21 08 [m[1;36m |[m[1;34m-----------[m[1;4;32mH (![7mH[m[1;36m|[m
[1;32m000009b0[m[1;36m: [m[1;4;32m 41 b4 31 90 4a 51[m[1;34m -- --  -- -- -- -- -- -- -- -- [m[1;36m |[m[1;4;32mA[7m.1[7m.JQ[m[1;34m----------[m[1;36m|[m
[1;35mHello.pdf[m[1;36m:[m
[1;32m00000ad0[m[1;36m: [m[1;34m -- -- -- -- -- -- -- -- [m[1;4;32m 6a 09 4c 2b 49 17 2e 52 [m[1;36m |[m[1;34m--------[m[1;4;32mj[7mIL+I[7mW.R[m[1;36m|[m
[1;32m00000ae0[m[1;36m: [m[1;4;32m cc 27 9b 34 89 03 82 70  9a bc c3 a4 76 da c4 88 [m[1;36m |[m[1;4;32m[7m.'[7m.4[7m.[7mC[7m.p[7m.[7m.[7m.[7m.v[7m.[7m.[7m.[m[1;36m|[m
[1;32m00000af0[m[1;36m: [m[1;4;32m cd e4 13 b7 7f 3d 52 0e  f5 89 44 aa 60 cc 4a 3e [m[1;36m |[m[1;4;32m[7m.[7m.[7mS[7m.[7m~=R[7mN[7m.[7m.D[7m.`[7m.J>[m[1;36m|[m
[1;32m00000b00[m[1;36m: [m[1;4;32m a6[m[1;34m -- -- -- -- -- -- --  -- -- -- -- -- -- -- -- [m[1;36m |[m[1;4;32m[7m.[m[1;34m---------------[m[1;36m|[m
[1;32m00000b30[m[1;36m: [m[1;34m -- -- -- -- --[m[1;4;32m 4b 0d 7a  cb c5 90 6c a9 46 4b a5 [m[1;36m |[m[1;34m-----[m[1;4;32mK[7mMz[7m.[7m.[7m.l[7m.FK[7m.[m[1;36m|[m
[1;32m00000b40[m[1;36m: [m[1;4;32m 7e f1 42 17 79 31 84 8b  01 fd 42 17 7c 7b 3e 47 [m[1;36m |[m[1;4;32m~[7m.B[7mWy1[7m.[7m.[7mA[7m.B[7mW|{>G[m[1;36m|[m
[1;32m00000b50[m[1;36m: [m[1;4;32m 7e db 8a f3 39 f8 87 c2  39 85 6f 72 71 d6 85 bf [m[1;36m |[m[1;4;32m~[7m.[7m.[7m.9[7m.[7m.[7m.9[7m.orq[7m.[7m.[7m.[m[1;36m|[m
[1;32m00000b60[m[1;36m: [m[1;4;32m d7 a2 99 43 6c 56 68 8e  5c 3b 18 b8 a6 7f 3d 12 [m[1;36m |[m[1;4;32m[7m.[7m.[7m.ClVh[7m.\;[7mX[7m.[7m.[7m~=[7mR[m[1;36m|[m
[1;32m00000b70[m[1;36m: [m[1;4;32m 5f 9d 29 94 5f d5 e2 4c  21 fe a6 70 fa cb[m[1;34m -- -- [m[1;36m |[m[1;4;32m_[7m.)[7m._[7m.[7m.L![7m.[7m.p[7m.[7m.[m[1;34m--[m[1;36m|[m
[1;32m00000bb0[m[1;36m: [m[1;34m -- -- -- --[m[1;4;32m 61 0a 3e a8  c0 91 41 68 62 a1 69 10 [m[1;36m |[m[1;34m----[m[1;4;32ma[7mJ>[7m.[7m.[7m.Ahb[7m.i[7mP[m[1;36m|[m
[1;32m00000bc0[m[1;36m: [m[1;4;32m 0e 2b 1c 7a 3f 5e 1e 52  78 3f 1e 07 15 de 53 38 [m[1;36m |[m[1;4;32m[7mN+[7m\z?^[7m^Rx?[7m^[7mG[7mU[7m.S8[m[1;36m|[m
[1;32m00000bd0[m[1;36m: [m[1;4;32m 50 e5 94 07 32 f1 d7 54  ec 57 78 b7 16 8d ab 7c [m[1;36m |[m[1;4;32mP[7m.[7m.[7mG2[7m.[7m.T[7m.Wx[7m.[7mV[7m.[7m.|[m[1;36m|[m
[1;32m00000be0[m[1;36m: [m[1;4;32m b2 51 e1 2f[m[1;34m -- -- -- --  -- -- -- -- -- -- -- -- [m[1;36m |[m[1;4;32m[7m.Q[7m./[m[1;34m------------[m[1;36m|[m
[1;35mHello.pdf[m[1;36m:[m
[1;32m00000c10[m[1;36m: [m[1;34m -- -- -- -- -- --[m[1;4;32m 35 0d  bb 02 7a 9d 0f 3b 15 5e [m[1;36m |[m[1;34m------[m[1;4;32m5[7mM[7m.[7mBz[7m.[7mO;[7mU^[m[1;36m|[m
[1;32m00000c20[m[1;36m: [m[1;4;32m af 45 a4 66 a8 7c 4d e1  55 1e 5e 6d c5 2b 6c 6b [m[1;36m |[m[1;4;32m[7m.E[7m.f[7m.|M[7m.U[7m^^m[7m.+lk[m[1;36m|[m
[1;32m00000c30[m[1;36m: [m[1;4;32m 87 c2 1f[m[1;34m -- -- -- -- --  -- -- -- -- -- -- -- -- [m[1;36m |[m[1;4;32m[7m.[7m.[7m_[m[1;34m-------------[m[1;36m|[m
[1;35mHello.pdf[m[1;36m:[m
[1;32m00000ce0[m[1;36m: [m[1;34m -- -- -- -- --[m[1;4;32m 57 0a cb  15 1e 70 0e 93 0f 4c c2 [m[1;36m |[m[1;34m-----[m[1;4;32mW[7mJ[7m.[7mU[7m^p[7mN[7m.[7mOL[7m.[m[1;36m|[m
[1;32m00000cf0[m[1;36m: [m[1;4;32m 2f 15 2a ef c5 b2 a5 15  72 99 c2 d2[m[1;34m -- -- -- -- [m[1;36m |[m[1;4;32m/[7mU*[7m.[7m.[7m.[7m.[7mUr[7m.[7m.[7m.[m[1;34m----[m[1;36m|[m
[1;35mHello.pdf[m[1;36m:[m
[1;32m00000d30[m[1;36m: [m[1;34m -- -- -- -- -- -- --[m[1;4;32m 79  0a 77 e5 e2 4e 85 b9 b9 [m[1;36m |[m[1;34m-------[m[1;4;32my[7mJw[7m.[7m.N[7m.[7m.[7m.[m[1;36m|[m
[1;32m00000d40[m[1;36m: [m[1;4;32m 28 6e c5 9c 3a cc 56 28  52 28 54 98 35 b3 a3 9c [m[1;36m |[m[1;4;32m(n[7m.[7m.:[7m.V(R(T[7m.5[7m.[7m.[7m.[m[1;36m|[m
[1;32m00000d50[m[1;36m: [m[1;4;32m a5 30 93 1c 72 66 47 cc  50 98 ae 70 87 c2 ed 53 [m[1;36m |[m[1;4;32m[7m.0[7m.[7m\rfG[7m.P[7m.[7m.p[7m.[7m.[7m.S[m[1;36m|[m
[1;32m00000d60[m[1;36m: [m[1;4;32m 12 e4 ed 36 4c 2b c4 6d  fb 30 95 85 a9 2e 4c 49 [m[1;36m |[m[1;4;32m[7mR[7m.[7m.6L+[7m.m[7m.0[7m.[7m.[7m..LI[m[1;36m|[m
[1;32m00000d70[m[1;36m: [m[1;4;32m 00 3f d1 41 17 6e 55 f8  b9 c2 2d 19 e9 f2 96 5c [m[1;36m |[m[1;4;32m[7m@?[7m.A[7mWnU[7m.[7m.[7m.-[7mY[7m.[7m.[7m.\[m[1;36m|[m
[1;32m00000d80[m[1;36m: [m[1;4;32m 4c 56 98 a4 30 51 61 42  05 c6 2b dc ec c2 38 85 [m[1;36m |[m[1;4;32mLV[7m.[7m.0QaB[7mE[7m.+[7m.[7m.[7m.8[7m.[m[1;36m|[m
[1;32m00000d90[m[1;36m: [m[1;4;32m b1 c2 2f c7 2a dc 54 87  31 dd 70 e3 e8 34 79 63 [m[1;36m |[m[1;4;32m[7m.[7m./[7m.*[7m.T[7m.1[7m.p[7m.[7m.4yc[m[1;36m|[m
[1;32m00000da0[m[1;36m: [m[1;4;32m 7f 8c 1e 9e 24 47 a7 61  54 41 9a 1c a5 30 92 a5 [m[1;36m |[m[1;4;32m[7m~[7m.[7m^[7m.$G[7m.aTA[7m.[7m\[7m.0[7m.[7m.[m[1;36m|[m
[1;32m00000db0[m[1;36m: [m[1;4;32m 91 85 18 c1 d2 88 3a 14  a4 21 9f 81 fc fe 18 3e [m[1;36m |[m[1;4;32m[7m.[7m.[7mX[7m.[7m.[7m.:[7mT[7m.![7m.[7m.[7m.[7m.[7mX>[m[1;36m|[m
[1;32m00000dc0[m[1;36m: [m[1;4;32m cc 29 87 27 61 78 44[m[1;34m --  -- -- -- -- -- -- -- -- [m[1;36m |[m[1;4;32m[7m.)[7m.'axD[m[1;34m---------[m[1;36m|[m
[1;35mHello.pdf[m[1;36m:[m
[1;32m00000df0[m[1;36m: [m[1;34m -- -- -- -- -- -- --[m[1;4;32m 67  0a 83 39 84 c1 ad b8 41 [m[1;36m |[m[1;34m-------[m[1;4;32mg[7mJ[7m.9[7m.[7m.[7m.[7m.A[m[1;36m|[m
[1;32m00000e00[m[1;36m: [m[1;4;32m e1 fa 6e 18 a4 30 90[m[1;34m --  -- -- -- -- -- -- -- -- [m[1;36m |[m[1;4;32m[7m.[7m.n[7mX[7m.0[7m.[m[1;34m---------[m[1;36m|[m
[1;35mHello.pdf[m[1;36m:[m
[1;32m00000e90[m[1;36m: [m[1;34m -- -- -- -- -- -- -- --  -- -- -- --[m[1;4;32m 63 0b ed 46 [m[1;36m |[m[1;34m------------[m[1;4;32mc[7mK[7m.F[m[1;36m|[m
[1;35mHello.pdf[m[1;36m:[m
[1;32m00000ef0[m[1;36m: [m[1;34m --[m[1;4;32m 75 20 46 c1 c2 a6 2d [m[1;34m -- -- -- -- -- -- -- -- [m[1;36m |[m[1;34m-[m[1;4;32mu F[7m.[7m.[7m.-[m[1;34m--------[m[1;36m|[m
[1;35mHello.pdf[m[1;36m:[m
[1;32m00000f50[m[1;36m: [m[1;4;32m 66 73 75 0d 4e d3 62 ec  a2 43 f4 0e 1d 63 ee b4 [m[1;36m |[m[1;4;32mfsu[7mMN[7m.b[7m.[7m.C[7m.[7mN[7m]c[7m.[7m.[m[1;36m|[m
[1;32m00000f60[m[1;36m: [m[1;4;32m 18 08 5e 2b 0e 91 47 9c  60 3f 2b 7f f0 a1 a1 9e [m[1;36m |[m[1;4;32m[7mX[7mH^+[7mN[7m.G[7m.`?+[7m~[7m.[7m.[7m.[7m.[m[1;36m|[m
[1;32m00000f70[m[1;36m: [m[1;4;32m a5 3d 4c cb 51 8f a0 e8  24 4a 68 8b 78 89 2d 96 [m[1;36m |[m[1;4;32m[7m.=L[7m.Q[7m.[7m.[7m.$Jh[7m.x[7m.-[7m.[m[1;36m|[m
[1;32m00000f80[m[1;36m: [m[1;4;32m 53 44 94 d2 32 8d 47 6d  22 5b de af 1f 64 74 3f [m[1;36m |[m[1;4;32mSD[7m.[7m.2[7m.Gm"[[7m.[7m.[7m_dt?[m[1;36m|[m
[1;32m00000f90[m[1;36m: [m[1;4;32m 3d c4 d7 a3 b4 85 4a 99  37 32 58 ce f1 7f 4c 3b [m[1;36m |[m[1;4;32m=[7m.[7m.[7m.[7m.[7m.J[7m.72X[7m.[7m.[7m~L;[m[1;36m|[m
[1;32m00000fa0[m[1;36m: [m[1;4;32m 68 15 5d a0[m[1;34m -- -- -- --  -- -- -- -- -- -- -- -- [m[1;36m |[m[1;4;32mh[7mU][7m.[m[1;34m------------[m[1;36m|[m
[1;32m00001080[m[1;36m: [m[1;34m --[m[1;4;32m 6d 0b 57 b3 14 f9 d4  9f 7d 74 90 67 69 85 d8 [m[1;36m |[m[1;34m-[m[1;4;32mm[7mKW[7m.[7mT[7m.[7m.[7m.}t[7m.gi[7m.[7m.[m[1;36m|[m
[1;32m00001090[m[1;36m: [m[1;4;32m c1 71 53 4c 05 2d 92 4d  bc 55 24 ea 41 f4 5a 8c [m[1;36m |[m[1;4;32m[7m.qSL[7mE-[7m.M[7m.U$[7m.A[7m.Z[7m.[m[1;36m|[m
[1;32m000010a0[m[1;36m: [m[1;4;32m 45 ea fc f7 a6 6c b7 23  ac f9 46 17 86 03 13 82 [m[1;36m |[m[1;4;32mE[7m.[7m.[7m.[7m.l[7m.#[7m.[7m.F[7mW[7m.[7mC[7mS[7m.[m[1;36m|[m
[1;32m000010b0[m[1;36m: [m[1;4;32m ee 7d 21 8f 3f fb 27 a2  db 11 e3 0e d3 f8 70 e2 [m[1;36m |[m[1;4;32m[7m.}![7m.?[7m.'[7m.[7m.[7mQ[7m.[7mN[7m.[7m.p[7m.[m[1;36m|[m
[1;32m000010c0[m[1;36m: [m[1;4;32m 7d ee c8 b5 6b e3 83 7a  86[m[1;34m -- -- -- -- -- -- -- [m[1;36m |[m[1;4;32m}[7m.[7m.[7m.k[7m.[7m.z[7m.[m[1;34m-------[m[1;36m|[m
[1;35mHello.pdf[m[1;36m:[m
[1;32m00001290[m[1;36m: [m[1;34m -- -- --[m[1;4;32m 6f 0b 43 41 e7  6e e1 1e 9f b3 93 a3 8a [m[1;36m |[m[1;34m---[m[1;4;32mo[7mKCA[7m.n[7m.[7m^[7m.[7m.[7m.[7m.[7m.[m[1;36m|[m
[1;32m000012a0[m[1;36m: [m[1;4;32m a5 84 ac 5e bd 93 f3 d8  75 9e d3 cb d4 bb b2 51 [m[1;36m |[m[1;4;32m[7m.[7m.[7m.^[7m.[7m.[7m.[7m.u[7m.[7m.[7m.[7m.[7m.[7m.Q[m[1;36m|[m
[1;32m000012b0[m[1;36m: [m[1;4;32m eb de d8 78 f5 83 46 d9  74 f5 2d ed 86 d6 2c ed [m[1;36m |[m[1;4;32m[7m.[7m.[7m.x[7m.[7m.F[7m.t[7m.-[7m.[7m.[7m.,[7m.[m[1;36m|[m
[1;32m000012c0[m[1;36m: [m[1;4;32m 9b ab 4e f6 af 51 f9 b5  cf f8 ad 51 4e 29 94 49 [m[1;36m |[m[1;4;32m[7m.[7m.N[7m.[7m.Q[7m.[7m.[7m.[7m.[7m.QN)[7m.I[m[1;36m|[m
[1;32m000012d0[m[1;36m: [m[1;4;32m 79 46 04 3b 19 74 b0 81  08 69 ec 21 93 3d 65 e6 [m[1;36m |[m[1;4;32myF[7mD;[7mYt[7m.[7m.[7mHi[7m.![7m.=e[7m.[m[1;36m|[m
[1;32m000012e0[m[1;36m: [m[1;4;32m f0 3b cf 42 89[m[1;34m -- -- --  -- -- -- -- -- -- -- -- [m[1;36m |[m[1;4;32m[7m.;[7m.B[7m.[m[1;34m-----------[m[1;36m|[m
[1;32m00001330[m[1;36m: [m[1;34m -- -- --[m[1;4;32m 4b 0c 14 c9 c2  2a 02 ea 93 c7 ca 5e 08 [m[1;36m |[m[1;34m---[m[1;4;32mK[7mL[7mT[7m.[7m.*[7mB[7m.[7m.[7m.[7m.^[7mH[m[1;36m|[m
[1;32m00001340[m[1;36m: [m[1;4;32m cf 37 ea 72 8e eb 32 c5  d2 9e bd 76 8d 46 95 c8 [m[1;36m |[m[1;4;32m[7m.7[7m.r[7m.[7m.2[7m.[7m.[7m.[7m.v[7m.F[7m.[7m.[m[1;36m|[m
[1;32m00001350[m[1;36m: [m[1;4;32m b7 d8 88 ca a8 43 dc 71  8e 48 e7 53 9e 11 51 22 [m[1;36m |[m[1;4;32m[7m.[7m.[7m.[7m.[7m.C[7m.q[7m.H[7m.S[7m.[7mQQ"[m[1;36m|[m
[1;32m00001360[m[1;36m: [m[1;4;32m c5 47 23 71 a5 5e 2f 52  bc 9d bb f4 75 7a fa 7a [m[1;36m |[m[1;4;32m[7m.G#q[7m.^/R[7m.[7m.[7m.[7m.uz[7m.z[m[1;36m|[m
[1;32m00001370[m[1;36m: [m[1;4;32m b4 03 53 43 1f 9c 79 f6  15 f5 91 38 21 d6 df bf [m[1;36m |[m[1;4;32m[7m.[7mCSC[7m_[7m.y[7m.[7mU[7m.[7m.8![7m.[7m.[7m.[m[1;36m|[m
[1;32m00001380[m[1;36m: [m[1;4;32m f4 f1 43 6f e2 e2 1a a3  e6 1a ad e4 9c 47 71 ce [m[1;36m |[m[1;4;32m[7m.[7m.Co[7m.[7m.[7mZ[7m.[7m.[7mZ[7m.[7m.[7m.Gq[7m.[m[1;36m|[m
[1;35mHello.pdf[m[1;36m:[m[1;4;32mendstream
[m[1;35mHello.pdf[m[1;36m|[m[1;4;32mendobj[m
[1;35mHello.pdf[m[1;36m:[m[1;4;32m14 0[m
[1;4;32mobj
[m[1;35mHello.pdf[m[1;36m|[m[1;4;32m2734[m
[1;35mHello.pdf[m[1;36m:[m[1;4;32mendobj
[m[1;35mHello.pdf[m[1;36m|[m[1;4;32m15[m
[1;4;32m0 obj[m
[1;35mHello.pdf[m[1;36m:[m[1;4;32mendobj
[m[1;35mHello.pdf[m[1;36m|[m[1;4;32m16[m
[1;4;32m0 obj[m
[1;35mHello.pdf[m[1;36m:[m[1;4;32mMac OS[m
[1;4;32mX 10.12.6[m
[1;4;32mQuartz PDFContext)[m
[1;35mHello.pdf[m[1;36m:[m[1;4;32mendobj
[m[1;35mHello.pdf[m[1;36m|[m[1;4;32m17[m
[1;4;32m0 obj[m
[1;35mHello.pdf[m[1;36m:[m[1;4;32mendobj
[m[1;35mHello.pdf[m[1;36m|[m[1;4;32m18[m
[1;4;32m0 obj[m
[1;35mHello.pdf[m[1;36m:[m[1;4;32mendobj
[m[1;35mHello.pdf[m[1;36m|[m[1;4;32m19[m
[1;4;32m0 obj[m
[1;35mHello.pdf[m[1;36m:[m[1;4;32mendobj
[m[1;35mHello.pdf[m[1;36m|[m[1;4;32m20[m
[1;4;32m0 obj[m
[1;35mHello.pdf[m[1;36m:[m[1;4;32mendobj
[m[1;35mHello.pdf[m[1;36m|[m[1;4;32m1[m
[1;4;32m0 obj[m
[1;35mHello.pdf[m[1;36m:[m[1;4;32mTitle 15[m
[1;4;32m0 R[m
[1;4;32mProducer 16[m
[1;4;32m0 R[m
[1;4;32mCreator 17[m
[1;4;32m0 R[m
[1;4;32mCreationDate 18[m
[1;4;32m0 R[m
[1;4;32mModDate
[m[1;35mHello.pdf[m[1;36m|[m[1;4;32m18[m
[1;4;32m0 R[m
[1;4;32mKeywords 19[m
[1;4;32m0 R[m
[1;4;32mKeywords 20[m
[1;4;32m0 R[m
[1;35mHello.pdf[m[1;36m:[m[1;4;32mendobj
[m[1;35mHello.pdf[m[1;36m|[m[1;4;32mxref[m
[1;35mHello.pdf[m[1;36m:[m[1;4;32m0 21[m
[1;35mHello.pdf[m[1;36m:[m[1;4;32m0000000000 65535[m
[1;4;32mf 
[m[1;35mHello.pdf[m[1;36m|[m[1;4;32m0000005392[m
[1;4;32m00000 n[m
[1;35mHello.pdf[m[1;36m:[m[1;4;32m0000000238 00000[m
[1;4;32mn 
[m[1;35mHello.pdf[m[1;36m|[m[1;4;32m0000001714[m
[1;4;32m00000 n[m
[1;35mHello.pdf[m[1;36m:[m[1;4;32m0000000022 00000[m
[1;4;32mn 
[m[1;35mHello.pdf[m[1;36m|[m[1;4;32m0000000219[m
[1;4;32m00000 n[m
[1;35mHello.pdf[m[1;36m:[m[1;4;32m0000000342 00000[m
[1;4;32mn 
[m[1;35mHello.pdf[m[1;36m|[m[1;4;32m0000001679[m
[1;4;32m00000 n[m
[1;35mHello.pdf[m[1;36m:[m[1;4;32m0000001847 00000[m
[1;4;32mn 
[m[1;35mHello.pdf[m[1;36m|[m[1;4;32m0000000439[m
[1;4;32m00000 n[m
[1;35mHello.pdf[m[1;36m:[m[1;4;32m0000001658 00000[m
[1;4;32mn 
[m[1;35mHello.pdf[m[1;36m|[m[1;4;32m0000001797[m
[1;4;32m00000 n[m
[1;35mHello.pdf[m[1;36m:[m[1;4;32m0000002110 00000[m
[1;4;32mn 
[m[1;35mHello.pdf[m[1;36m|[m[1;4;32m0000002362[m
[1;4;32m00000 n[m
[1;35mHello.pdf[m[1;36m:[m[1;4;32m0000005186 00000[m
[1;4;32mn 
[m[1;35mHello.pdf[m[1;36m|[m[1;4;32m0000005207[m
[1;4;32m00000 n[m
[1;35mHello.pdf[m[1;36m:[m[1;4;32m0000005231 00000[m
[1;4;32mn 
[m[1;35mHello.pdf[m[1;36m|[m[1;4;32m0000005284[m
[1;4;32m00000 n[m
[1;35mHello.pdf[m[1;36m:[m[1;4;32m0000005311 00000[m
[1;4;32mn 
[m[1;35mHello.pdf[m[1;36m|[m[1;4;32m0000005353[m
[1;4;32m00000 n[m
[1;35mHello.pdf[m[1;36m:[m[1;4;32m0000005372 00000[m
[1;4;32mn 
[m[1;35mHello.pdf[m[1;36m|[m[1;4;32mtrailer[m
[1;35mHello.pdf[m[1;36m:[m[1;4;32mSize 21[m
[1;4;32mRoot 11[m
[1;4;32m0 R[m
[1;4;32mInfo 1[m
[1;4;32m0 R[m
[1;4;32mID [[m
[1;35mHello.pdf[m[1;36m:[m[1;4;32mstartxref
[m[1;35mHello.pdf[m[1;36m|[m[1;4;32m5536[m
[1;35mHello.sh[m[1;36m:[m[1;4;32msh
[m[1;35mHello.sh[m[1;36m|[m[1;4;32mecho[m
[1;4;32mHello World!"[m
