[1;35mHello.bat[0m[1;36m:[0m[32;1m1[0m[1;36m:[0m[1;4;32msh
[0m[1;35mHello.bat[0m[1;36m|[0m[32;1m2[0m[1;36m|[0m[1;4;32mecho[0m
[1;4;32mHello World!"[0m
[1;35mHello.java[0m[1;36m:[0m[32;1m1[0m[1;36m:[0m[1;4;32mimport java.lang.*;[0m
[1;35mHello.java[0m[1;36m:[0m[32;1m3[0m[1;36m:[0m[1;4;32mpublic class[0m
[1;4;32mHello //[0m
[1;4;32mprints a[0m
[1;4;32mHello World![0m
[1;4;32mgreeting
[0m[1;35mHello.java[0m[1;36m|[0m[32;1m4[0m[1;36m|[0m[1;4;32m{[0m
[1;4;32mpublic static[0m
[1;4;32mvoid main(String[][0m
[1;35mHello.java[0m[1;36m:[0m[32;1m5[0m[1;36m:[0m[1;4;32mHello World!");[0m
[1;35mHello.sh[0m[1;36m:[0m[32;1m1[0m[1;36m:[0m[1;4;32msh
[0m[1;35mHello.sh[0m[1;36m|[0m[32;1m2[0m[1;36m|[0m[1;4;32mecho[0m
[1;4;32mHello World!"[0m
