"Hello.bat",2
"Hello.class",1
"Hello.pdf",101
"Hello.sh",2
"Hello.txt",0
