"Hello.bat",1,8,7,"sh\necho"
"Hello.bat",2,7,16,"Hello World!"""
"Hello.class",5,7,128,"java\f\x00\x07\x00\b\x07\x00\x17"
"Hello.java",1,1,0,"import java.lang.*;"
"Hello.java",2,1,20,"public class"
"Hello.java",2,45,64,"greeting\n{"
"Hello.java",3,3,75,"public static"
"Hello.java",4,25,137,"Hello World!"");"
"Hello.pdf",1,8,7,"3\n%ƒÂÚÂÎßÛ†–ƒ∆"
"Hello.pdf",3,1,22,"4 0"
"Hello.pdf",3,5,26,"obj\n<<"
"Hello.pdf",4,5,34,"Length 5"
"Hello.pdf",5,1,71,"stream\nx\x01Eéª"
"Hello.pdf",7,25,118,"9\f≥1≤Q\x02πFó‚©\x12Ûôê\\LY"
"Hello.pdf",9,1,202,"endstream\nendobj"
"Hello.pdf",11,1,219,"5 0"
"Hello.pdf",11,5,223,"obj\n123"
"Hello.pdf",13,1,231,"endobj\n2"
"Hello.pdf",14,3,240,"0 obj"
"Hello.pdf",15,5,250,"Type /Page"
"Hello.pdf",17,1,335,"endobj\n6"
"Hello.pdf",18,3,344,"0 obj"
"Hello.pdf",19,5,354,"ProcSet ["
"Hello.pdf",21,1,432,"endobj\n9"
"Hello.pdf",22,3,441,"0 obj"
"Hello.pdf",23,5,451,"Length 10"
"Hello.pdf",24,1,517,"stream\nx\x01ÖU]h\x1cU\x14>ªsg\x03\x12\x07\x1f¥"
"Hello.pdf",25,19,547,"m	È2âV\x13ãµ€M∫I\x13∑ÎfSõ* tv6;Õdfúô›&°O•‡õ\x16\x04È´†>∆Ç\b∂*6/ˆ••≈íJ5\x0f"
"Hello.pdf",26,307,1006,"7 ãö\x11Ú»«X"
"Hello.pdf",27,70,1108,"bP\fë*^\x15á≈!1"
"Hello.pdf",30,29,1639,"4\nendstream"
"Hello.pdf",32,1,1651,"endobj\n10"
"Hello.pdf",33,4,1661,"0 obj"
"Hello.pdf",34,1,1667,"1116\nendobj"
"Hello.pdf",36,1,1679,"7 0"
"Hello.pdf",36,5,1683,"obj\n["
"Hello.pdf",37,4,1690,"ICCBased 9"
"Hello.pdf",38,1,1707,"endobj\n3"
"Hello.pdf",39,3,1716,"0 obj"
"Hello.pdf",40,5,1726,"Type /Pages"
"Hello.pdf",41,1,1790,"endobj\n11"
"Hello.pdf",42,4,1800,"0 obj"
"Hello.pdf",43,5,1810,"Type /Catalog"
"Hello.pdf",44,1,1840,"endobj\n8"
"Hello.pdf",45,3,1849,"0 obj"
"Hello.pdf",46,5,1859,"Type /Font"
"Hello.pdf",46,68,1922,"FontDescriptor\n12"
"Hello.pdf",47,4,1940,"0 R"
"Hello.pdf",47,74,2010,"602\n0"
"Hello.pdf",48,3,2016,"0 0"
"Hello.pdf",48,73,2086,"602\n0"
"Hello.pdf",49,3,2092,"0 602"
"Hello.pdf",50,1,2103,"endobj\n12"
"Hello.pdf",51,4,2113,"0 obj"
"Hello.pdf",52,5,2123,"Type /FontDescriptor"
"Hello.pdf",52,69,2187,"FontBBox\n[-558"
"Hello.pdf",53,8,2203,"375 718"
"Hello.pdf",54,2,2274,"StemV 99"
"Hello.pdf",56,1,2355,"endobj\n13"
"Hello.pdf",57,4,2365,"0 obj"
"Hello.pdf",58,5,2375,"Length 14"
"Hello.pdf",59,1,2427,"stream\nx\x01›W{xT≈\x15?sw6ØÕ>íMHHÄ]÷Âï,ÅÑ∑R\x16Hxà"
"Hello.pdf",60,33,2475,"H (!\bA¥1êJQ"
"Hello.pdf",61,187,2776,"j	L+I\x17.RÃ'õ4â\x03Çpöº√§v⁄ƒàÕ‰\x13∑=R\x0eıâD™`ÃJ>¶"
"Hello.pdf",61,356,2996,"a\n>®¿ëAhb°i\x10\x0e+\x1cz?^\x1eRx?\x1e\x07\x15ﬁS8PÂî\x072Ò◊TÏWx∑\x16ç´|≤Q·/"
"Hello.pdf",64,26,3094,"5\rª\x02zù\x0f;\x15^ØE§f®|M·U\x1e^m≈+lká¬\x1f"
"Hello.pdf",66,95,3301,"W\nÀ\x15\x1ep\x0eì\x0fL¬/\x15*Ô≈≤•\x15rô¬“"
"Hello.pdf",70,35,3383,"y\nwÂ‚NÖππ(n≈ú:ÃV(R(Tò5≥£ú•0ì\x1crfGÃPòÆpá¬ÌS\x12‰Ì6L+ƒm˚0ïÖ©.LI\x00?—A\x17nU¯π¬-\x19ÈÚñ\\LVò§0QaB\x05∆+‹Ï¬8Ö±¬/«*‹Tá1›p„Ë4ycå\x1eû$GßaTAö\x1c•0í•ëÖ\x18¡“à:\x14§!üÅ¸˛\x18>Ã)á'axD"
"Hello.pdf",71,146,3575,"g\nÉ9Ñ¡≠∏A·˙n\x18§0ê"
"Hello.pdf",74,33,3740,"c\x0bÌF"
"Hello.pdf",75,2,3825,"u F¡¬¶-"
"Hello.pdf",77,50,3920,"fsu\rN”bÏ¢CÙ\x0e\x1dcÓ¥\x18\b^+\x0eëGú`?+°°û•=LÀQè†Ë$Jhãxâ-ñSDî“2çGm""[ﬁØ\x1fdt?=ƒ◊£¥ÖJô72XŒÒL;h\x15]†"
"Hello.pdf",78,186,4755,"o\x0bCAÁn·\x1eü≥ì£ä•Ñ¨^ΩìÛÿuû”À‘ª≤QÎﬁÿxıÉFŸtı-ÌÜ÷,Ìõ´NˆØQ˘µœ¯≠QN)îIyF\x04;\x19t∞Å\biÏ!ì=eÊ;œBâ"
"Hello.pdf",79,1,5169,"endstream\nendobj"
"Hello.pdf",81,1,5186,"14 0"
"Hello.pdf",81,6,5191,"obj\n2734"
"Hello.pdf",83,1,5200,"endobj\n15"
"Hello.pdf",84,4,5210,"0 obj"
"Hello.pdf",86,1,5224,"endobj\n16"
"Hello.pdf",87,4,5234,"0 obj"
"Hello.pdf",88,2,5241,"Mac OS"
"Hello.pdf",89,1,5277,"endobj\n17"
"Hello.pdf",90,4,5287,"0 obj"
"Hello.pdf",92,1,5304,"endobj\n18"
"Hello.pdf",93,4,5314,"0 obj"
"Hello.pdf",95,1,5346,"endobj\n19"
"Hello.pdf",96,4,5356,"0 obj"
"Hello.pdf",98,1,5365,"endobj\n20"
"Hello.pdf",99,4,5375,"0 obj"
"Hello.pdf",101,1,5385,"endobj\n1"
"Hello.pdf",102,3,5394,"0 obj"
"Hello.pdf",103,5,5404,"Title 15"
"Hello.pdf",103,73,5472,"ModDate\n18"
"Hello.pdf",104,4,5483,"0 R"
"Hello.pdf",105,1,5529,"endobj\nxref"
"Hello.pdf",107,1,5541,"0 21"
"Hello.pdf",108,1,5546,"0000000000 65535"
"Hello.pdf",108,18,5563,"f \n0000005392"
"Hello.pdf",109,12,5577,"00000 n"
"Hello.pdf",110,1,5586,"0000000238 00000"
"Hello.pdf",110,18,5603,"n \n0000001714"
"Hello.pdf",111,12,5617,"00000 n"
"Hello.pdf",112,1,5626,"0000000022 00000"
"Hello.pdf",112,18,5643,"n \n0000000219"
"Hello.pdf",113,12,5657,"00000 n"
"Hello.pdf",114,1,5666,"0000000342 00000"
"Hello.pdf",114,18,5683,"n \n0000001679"
"Hello.pdf",115,12,5697,"00000 n"
"Hello.pdf",116,1,5706,"0000001847 00000"
"Hello.pdf",116,18,5723,"n \n0000000439"
"Hello.pdf",117,12,5737,"00000 n"
"Hello.pdf",118,1,5746,"0000001658 00000"
"Hello.pdf",118,18,5763,"n \n0000001797"
"Hello.pdf",119,12,5777,"00000 n"
"Hello.pdf",120,1,5786,"0000002110 00000"
"Hello.pdf",120,18,5803,"n \n0000002362"
"Hello.pdf",121,12,5817,"00000 n"
"Hello.pdf",122,1,5826,"0000005186 00000"
"Hello.pdf",122,18,5843,"n \n0000005207"
"Hello.pdf",123,12,5857,"00000 n"
"Hello.pdf",124,1,5866,"0000005231 00000"
"Hello.pdf",124,18,5883,"n \n0000005284"
"Hello.pdf",125,12,5897,"00000 n"
"Hello.pdf",126,1,5906,"0000005311 00000"
"Hello.pdf",126,18,5923,"n \n0000005353"
"Hello.pdf",127,12,5937,"00000 n"
"Hello.pdf",128,1,5946,"0000005372 00000"
"Hello.pdf",128,18,5963,"n \ntrailer"
"Hello.pdf",130,5,5978,"Size 21"
"Hello.pdf",132,1,6092,"startxref\n5536"
"Hello.sh",1,8,7,"sh\necho"
"Hello.sh",2,7,16,"Hello World!"""
